// Jest Snapshot v1, https://goo.gl/fbAQLP

exports[`Component: Adaptor should be defined 1`] = `";"`;

exports[`Component: Adaptor should warn the user that if using 'from' and/or 'to' that they must use ResponsiveProvider. 1`] = `null`;

exports[`Component: Adaptor should warn the user that they can't only provide the 'to' prop without 'from' 1`] = `";"`;
