// Jest Snapshot v1, https://goo.gl/fbAQLP

exports[`Component: Button Icon Only should render a circular icon 1`] = `
.c3 + .c0 {
  margin-left: 1rem;
}

.c4 + .c0 {
  margin-left: 1rem;
}

.c5 + .c0 {
  margin-left: 1rem;
}

.c6 + .c0 {
  margin-left: 1rem;
}

.c7 + .c0 {
  margin-left: 1rem;
}

.c8 + .c0 {
  margin-left: 1rem;
}

.c9 + .c0 {
  margin-left: 1rem;
}

.c10 + .c0 {
  margin-left: 1rem;
}

.c11 + .c0 {
  margin-left: 1rem;
}

.c12 + .c0 {
  margin-left: 1rem;
}

.c13 + .c0 {
  margin-left: 1rem;
}

.c14 + .c0 {
  margin-left: 1rem;
}

.c15 + .c0 {
  margin-left: 1rem;
}

.c16 + .c0 {
  margin-left: 1rem;
}

.c17 + .c0 {
  margin-left: 1rem;
}

.c18 + .c0 {
  margin-left: 1rem;
}

.c19 + .c0 {
  margin-left: 1rem;
}

.c20 + .c0 {
  margin-left: 1rem;
}

.c21 + .c0 {
  margin-left: 1rem;
}

.c22 + .c0 {
  margin-left: 1rem;
}

.c23 + .c0 {
  margin-left: 1rem;
}

.c24 + .c0 {
  margin-left: 1rem;
}

.c25 + .c0 {
  margin-left: 1rem;
}

.c26 + .c0 {
  margin-left: 1rem;
}

.c27 + .c0 {
  margin-left: 1rem;
}

.c28 + .c0 {
  margin-left: 1rem;
}

.c29 + .c0 {
  margin-left: 1rem;
}

.c30 + .c0 {
  margin-left: 1rem;
}

.c31 + .c0 {
  margin-left: 1rem;
}

.c32 + .c0 {
  margin-left: 1rem;
}

.c33 + .c0 {
  margin-left: 1rem;
}

.c34 + .c0 {
  margin-left: 1rem;
}

.c35 + .c0 {
  margin-left: 1rem;
}

.c36 + .c0 {
  margin-left: 1rem;
}

.c1 {
  position: relative;
  border-radius: 1.5rem;
  font-weight: 600;
  font-family: Avenir Next,Segoe UI,Helvetica,Roboto,sans-serif;
  text-align: center;
  cursor: pointer;
  display: -webkit-box;
  display: -webkit-flex;
  display: -ms-flexbox;
  display: flex;
  -webkit-box-pack: center;
  -webkit-justify-content: center;
  -ms-flex-pack: center;
  justify-content: center;
  -webkit-align-items: center;
  -webkit-box-align: center;
  -ms-flex-align: center;
  align-items: center;
  outline: none !important;
  margin: 0;
  -webkit-transition: 500ms ease background-color, 500ms ease border-color, 500ms ease color, 500ms ease fill;
  transition: 500ms ease background-color, 500ms ease border-color, 500ms ease color, 500ms ease fill;
  -webkit-font-smoothing: antialiased;
  -moz-osx-font-smoothing: grayscale;
  border: solid thin #0998D6;
  background-color: #0998D6;
  color: #FFFFFF;
  padding: 0;
  font-size: 1rem;
  height: 3rem;
  width: 3rem;
}

.c1 + .c0 {
  margin-left: 1rem;
}

.c1:hover,
.c1:focus,
.c1:active {
  background-color: #0074A6;
  border: solid thin #0074A6;
}

.c1:focus:after {
  position: absolute;
  content: '';
  top: calc(-1px - 2px);
  left: calc(-1px - 2px);
  right: calc(-1px - 2px);
  bottom: calc(-1px - 2px);
  border-radius: calc(1.5rem + 2px);
  box-shadow: 0 0 0 2px rgba(9,152,214,0.4);
}

.c2 {
  display: inline-block;
  height: 1.5rem;
  width: 1.5rem;
  line-height: 0;
}

<button
  className="anchor-button c0 c1"
  height={3}
  size="large"
>
  <span
    className="anchor-icon star c2"
    scale="lg"
  >
    <svg
      height={24}
      viewBox="0 0 16 16"
      width={24}
      xmlns="http://www.w3.org/2000/svg"
    >
      <g
        fill="none"
        fillRule="evenodd"
      >
        <path
          d="M0 0h16v16H0z"
        />
        <path
          d="M4.398 15.508a1.15 1.15 0 0 1-1.646-1.196l.577-3.996L.673 7.33a1.15 1.15 0 0 1 .676-1.9l3.754-.603 1.865-3.789a1.15 1.15 0 0 1 2.064 0l1.865 3.789 3.754.603a1.15 1.15 0 0 1 .676 1.9l-2.653 2.982.623 3.987a1.15 1.15 0 0 1-1.638 1.212l-3.657-1.776-3.604 1.773z"
          fill="currentColor"
          fillRule="nonzero"
        />
      </g>
    </svg>
  </span>
</button>
`;

exports[`Component: Button Icon Only should render an icon only 1`] = `
.c3 + .c0 {
  margin-left: 1rem;
}

.c4 + .c0 {
  margin-left: 1rem;
}

.c5 + .c0 {
  margin-left: 1rem;
}

.c6 + .c0 {
  margin-left: 1rem;
}

.c7 + .c0 {
  margin-left: 1rem;
}

.c8 + .c0 {
  margin-left: 1rem;
}

.c9 + .c0 {
  margin-left: 1rem;
}

.c10 + .c0 {
  margin-left: 1rem;
}

.c11 + .c0 {
  margin-left: 1rem;
}

.c12 + .c0 {
  margin-left: 1rem;
}

.c13 + .c0 {
  margin-left: 1rem;
}

.c14 + .c0 {
  margin-left: 1rem;
}

.c15 + .c0 {
  margin-left: 1rem;
}

.c16 + .c0 {
  margin-left: 1rem;
}

.c17 + .c0 {
  margin-left: 1rem;
}

.c18 + .c0 {
  margin-left: 1rem;
}

.c19 + .c0 {
  margin-left: 1rem;
}

.c20 + .c0 {
  margin-left: 1rem;
}

.c21 + .c0 {
  margin-left: 1rem;
}

.c22 + .c0 {
  margin-left: 1rem;
}

.c23 + .c0 {
  margin-left: 1rem;
}

.c24 + .c0 {
  margin-left: 1rem;
}

.c25 + .c0 {
  margin-left: 1rem;
}

.c26 + .c0 {
  margin-left: 1rem;
}

.c27 + .c0 {
  margin-left: 1rem;
}

.c28 + .c0 {
  margin-left: 1rem;
}

.c29 + .c0 {
  margin-left: 1rem;
}

.c30 + .c0 {
  margin-left: 1rem;
}

.c31 + .c0 {
  margin-left: 1rem;
}

.c32 + .c0 {
  margin-left: 1rem;
}

.c33 + .c0 {
  margin-left: 1rem;
}

.c34 + .c0 {
  margin-left: 1rem;
}

.c35 + .c0 {
  margin-left: 1rem;
}

.c1 {
  position: relative;
  border-radius: 4px;
  font-weight: 600;
  font-family: Avenir Next,Segoe UI,Helvetica,Roboto,sans-serif;
  text-align: center;
  cursor: pointer;
  display: -webkit-box;
  display: -webkit-flex;
  display: -ms-flexbox;
  display: flex;
  -webkit-box-pack: center;
  -webkit-justify-content: center;
  -ms-flex-pack: center;
  justify-content: center;
  -webkit-align-items: center;
  -webkit-box-align: center;
  -ms-flex-align: center;
  align-items: center;
  outline: none !important;
  margin: 0;
  -webkit-transition: 500ms ease background-color, 500ms ease border-color, 500ms ease color, 500ms ease fill;
  transition: 500ms ease background-color, 500ms ease border-color, 500ms ease color, 500ms ease fill;
  -webkit-font-smoothing: antialiased;
  -moz-osx-font-smoothing: grayscale;
  border: solid thin #0998D6;
  background-color: #0998D6;
  color: #FFFFFF;
  padding: 0;
  font-size: 1rem;
  height: 3rem;
  width: 3rem;
}

.c1 + .c0 {
  margin-left: 1rem;
}

.c1:hover,
.c1:focus,
.c1:active {
  background-color: #0074A6;
  border: solid thin #0074A6;
}

.c1:focus:after {
  position: absolute;
  content: '';
  top: calc(-1px - 2px);
  left: calc(-1px - 2px);
  right: calc(-1px - 2px);
  bottom: calc(-1px - 2px);
  border-radius: calc(4px + 2px);
  box-shadow: 0 0 0 2px rgba(9,152,214,0.4);
}

.c2 {
  display: inline-block;
  height: 1.5rem;
  width: 1.5rem;
  line-height: 0;
}

<button
  className="anchor-button c0 c1"
  height={3}
  size="large"
>
  <span
    className="anchor-icon star c2"
    scale="lg"
  >
    <svg
      height={24}
      viewBox="0 0 16 16"
      width={24}
      xmlns="http://www.w3.org/2000/svg"
    >
      <g
        fill="none"
        fillRule="evenodd"
      >
        <path
          d="M0 0h16v16H0z"
        />
        <path
          d="M4.398 15.508a1.15 1.15 0 0 1-1.646-1.196l.577-3.996L.673 7.33a1.15 1.15 0 0 1 .676-1.9l3.754-.603 1.865-3.789a1.15 1.15 0 0 1 2.064 0l1.865 3.789 3.754.603a1.15 1.15 0 0 1 .676 1.9l-2.653 2.982.623 3.987a1.15 1.15 0 0 1-1.638 1.212l-3.657-1.776-3.604 1.773z"
          fill="currentColor"
          fillRule="nonzero"
        />
      </g>
    </svg>
  </span>
</button>
`;

exports[`Component: Button Reverse Variant: Minimal should be disableable 1`] = `
.c2 + .c0 {
  margin-left: 1rem;
}

.c3 + .c0 {
  margin-left: 1rem;
}

.c4 + .c0 {
  margin-left: 1rem;
}

.c5 + .c0 {
  margin-left: 1rem;
}

.c6 + .c0 {
  margin-left: 1rem;
}

.c7 + .c0 {
  margin-left: 1rem;
}

.c8 + .c0 {
  margin-left: 1rem;
}

.c9 + .c0 {
  margin-left: 1rem;
}

.c10 + .c0 {
  margin-left: 1rem;
}

.c11 + .c0 {
  margin-left: 1rem;
}

.c12 + .c0 {
  margin-left: 1rem;
}

.c13 + .c0 {
  margin-left: 1rem;
}

.c14 + .c0 {
  margin-left: 1rem;
}

.c15 + .c0 {
  margin-left: 1rem;
}

.c16 + .c0 {
  margin-left: 1rem;
}

.c17 + .c0 {
  margin-left: 1rem;
}

.c18 + .c0 {
  margin-left: 1rem;
}

.c19 + .c0 {
  margin-left: 1rem;
}

.c20 + .c0 {
  margin-left: 1rem;
}

.c21 + .c0 {
  margin-left: 1rem;
}

.c22 + .c0 {
  margin-left: 1rem;
}

.c23 + .c0 {
  margin-left: 1rem;
}

.c24 + .c0 {
  margin-left: 1rem;
}

.c25 + .c0 {
  margin-left: 1rem;
}

.c26 + .c0 {
  margin-left: 1rem;
}

.c27 + .c0 {
  margin-left: 1rem;
}

.c28 + .c0 {
  margin-left: 1rem;
}

.c29 + .c0 {
  margin-left: 1rem;
}

.c30 + .c0 {
  margin-left: 1rem;
}

.c1 {
  position: relative;
  border-radius: 4px;
  font-weight: 600;
  font-family: Avenir Next,Segoe UI,Helvetica,Roboto,sans-serif;
  text-align: center;
  cursor: pointer;
  display: -webkit-box;
  display: -webkit-flex;
  display: -ms-flexbox;
  display: flex;
  -webkit-box-pack: center;
  -webkit-justify-content: center;
  -ms-flex-pack: center;
  justify-content: center;
  -webkit-align-items: center;
  -webkit-box-align: center;
  -ms-flex-align: center;
  align-items: center;
  outline: none !important;
  margin: 0;
  -webkit-transition: 500ms ease background-color, 500ms ease border-color, 500ms ease color, 500ms ease fill;
  transition: 500ms ease background-color, 500ms ease border-color, 500ms ease color, 500ms ease fill;
  -webkit-font-smoothing: antialiased;
  -moz-osx-font-smoothing: grayscale;
  border: solid thin transparent;
  background-color: transparent;
  color: #808080;
  cursor: not-allowed;
  padding: 0 1.5rem;
  font-size: 1rem;
  height: 3rem;
  min-width: 12.5rem;
}

.c1 + .c0 {
  margin-left: 1rem;
}

.c1:focus:after {
  position: absolute;
  content: '';
  top: calc(-1px - 2px);
  left: calc(-1px - 2px);
  right: calc(-1px - 2px);
  bottom: calc(-1px - 2px);
  border-radius: calc(4px + 2px);
  box-shadow: 0 0 0 2px rgba(255,255,255,0.4);
}

<button
  className="anchor-button c0 c1"
  disabled={true}
  height={3}
  size="large"
>
  Text
</button>
`;

exports[`Component: Button Reverse Variant: Minimal should render an minimal button 1`] = `
.c2 + .c0 {
  margin-left: 1rem;
}

.c3 + .c0 {
  margin-left: 1rem;
}

.c4 + .c0 {
  margin-left: 1rem;
}

.c5 + .c0 {
  margin-left: 1rem;
}

.c6 + .c0 {
  margin-left: 1rem;
}

.c7 + .c0 {
  margin-left: 1rem;
}

.c8 + .c0 {
  margin-left: 1rem;
}

.c9 + .c0 {
  margin-left: 1rem;
}

.c10 + .c0 {
  margin-left: 1rem;
}

.c11 + .c0 {
  margin-left: 1rem;
}

.c12 + .c0 {
  margin-left: 1rem;
}

.c13 + .c0 {
  margin-left: 1rem;
}

.c14 + .c0 {
  margin-left: 1rem;
}

.c15 + .c0 {
  margin-left: 1rem;
}

.c16 + .c0 {
  margin-left: 1rem;
}

.c17 + .c0 {
  margin-left: 1rem;
}

.c18 + .c0 {
  margin-left: 1rem;
}

.c19 + .c0 {
  margin-left: 1rem;
}

.c20 + .c0 {
  margin-left: 1rem;
}

.c21 + .c0 {
  margin-left: 1rem;
}

.c22 + .c0 {
  margin-left: 1rem;
}

.c23 + .c0 {
  margin-left: 1rem;
}

.c24 + .c0 {
  margin-left: 1rem;
}

.c25 + .c0 {
  margin-left: 1rem;
}

.c26 + .c0 {
  margin-left: 1rem;
}

.c1 {
  position: relative;
  border-radius: 4px;
  font-weight: 600;
  font-family: Avenir Next,Segoe UI,Helvetica,Roboto,sans-serif;
  text-align: center;
  cursor: pointer;
  display: -webkit-box;
  display: -webkit-flex;
  display: -ms-flexbox;
  display: flex;
  -webkit-box-pack: center;
  -webkit-justify-content: center;
  -ms-flex-pack: center;
  justify-content: center;
  -webkit-align-items: center;
  -webkit-box-align: center;
  -ms-flex-align: center;
  align-items: center;
  outline: none !important;
  margin: 0;
  -webkit-transition: 500ms ease background-color, 500ms ease border-color, 500ms ease color, 500ms ease fill;
  transition: 500ms ease background-color, 500ms ease border-color, 500ms ease color, 500ms ease fill;
  -webkit-font-smoothing: antialiased;
  -moz-osx-font-smoothing: grayscale;
  border: solid thin transparent;
  background-color: transparent;
  color: #FFFFFF;
  padding: 0 1.5rem;
  font-size: 1rem;
  height: 3rem;
  min-width: 12.5rem;
}

.c1 + .c0 {
  margin-left: 1rem;
}

.c1:hover,
.c1:focus,
.c1:active {
  background: rgba(255,255,255,0.16);
  color: #FFFFFF;
}

.c1:active {
  background: rgba(255,255,255,0.2);
}

.c1:focus:after {
  position: absolute;
  content: '';
  top: calc(-1px - 2px);
  left: calc(-1px - 2px);
  right: calc(-1px - 2px);
  bottom: calc(-1px - 2px);
  border-radius: calc(4px + 2px);
  box-shadow: 0 0 0 2px rgba(255,255,255,0.4);
}

<button
  className="anchor-button c0 c1"
  height={3}
  size="large"
>
  Text
</button>
`;

exports[`Component: Button Reverse Variant: Minimal should render hovered, active and focused states 1`] = `
Array [
  .c2 + .c0 {
  margin-left: 1rem;
}

.c3 + .c0 {
  margin-left: 1rem;
}

.c4 + .c0 {
  margin-left: 1rem;
}

.c5 + .c0 {
  margin-left: 1rem;
}

.c6 + .c0 {
  margin-left: 1rem;
}

.c7 + .c0 {
  margin-left: 1rem;
}

.c8 + .c0 {
  margin-left: 1rem;
}

.c9 + .c0 {
  margin-left: 1rem;
}

.c10 + .c0 {
  margin-left: 1rem;
}

.c11 + .c0 {
  margin-left: 1rem;
}

.c12 + .c0 {
  margin-left: 1rem;
}

.c13 + .c0 {
  margin-left: 1rem;
}

.c14 + .c0 {
  margin-left: 1rem;
}

.c15 + .c0 {
  margin-left: 1rem;
}

.c16 + .c0 {
  margin-left: 1rem;
}

.c17 + .c0 {
  margin-left: 1rem;
}

.c18 + .c0 {
  margin-left: 1rem;
}

.c19 + .c0 {
  margin-left: 1rem;
}

.c20 + .c0 {
  margin-left: 1rem;
}

.c21 + .c0 {
  margin-left: 1rem;
}

.c22 + .c0 {
  margin-left: 1rem;
}

.c23 + .c0 {
  margin-left: 1rem;
}

.c24 + .c0 {
  margin-left: 1rem;
}

.c25 + .c0 {
  margin-left: 1rem;
}

.c26 + .c0 {
  margin-left: 1rem;
}

.c27 + .c0 {
  margin-left: 1rem;
}

.c1 {
  position: relative;
  border-radius: 4px;
  font-weight: 600;
  font-family: Avenir Next,Segoe UI,Helvetica,Roboto,sans-serif;
  text-align: center;
  cursor: pointer;
  display: -webkit-box;
  display: -webkit-flex;
  display: -ms-flexbox;
  display: flex;
  -webkit-box-pack: center;
  -webkit-justify-content: center;
  -ms-flex-pack: center;
  justify-content: center;
  -webkit-align-items: center;
  -webkit-box-align: center;
  -ms-flex-align: center;
  align-items: center;
  outline: none !important;
  margin: 0;
  -webkit-transition: 500ms ease background-color, 500ms ease border-color, 500ms ease color, 500ms ease fill;
  transition: 500ms ease background-color, 500ms ease border-color, 500ms ease color, 500ms ease fill;
  -webkit-font-smoothing: antialiased;
  -moz-osx-font-smoothing: grayscale;
  border: solid thin transparent;
  background-color: transparent;
  color: #FFFFFF;
  padding: 0 1.5rem;
  font-size: 1rem;
  height: 3rem;
  min-width: 12.5rem;
  background: rgba(255,255,255,0.16);
  color: #FFFFFF;
}

.c1 + .c0 {
  margin-left: 1rem;
}

.c1:hover,
.c1:focus,
.c1:active {
  background: rgba(255,255,255,0.16);
  color: #FFFFFF;
}

.c1:active {
  background: rgba(255,255,255,0.2);
}

.c1:focus:after {
  position: absolute;
  content: '';
  top: calc(-1px - 2px);
  left: calc(-1px - 2px);
  right: calc(-1px - 2px);
  bottom: calc(-1px - 2px);
  border-radius: calc(4px + 2px);
  box-shadow: 0 0 0 2px rgba(255,255,255,0.4);
}

.c28 + .c0 {
  margin-left: 1rem;
}

.c29 + .c0 {
  margin-left: 1rem;
}

<button
    className="anchor-button c0 c1"
    height={3}
    size="large"
  >
    Text
  </button>,
  .c2 + .c0 {
  margin-left: 1rem;
}

.c3 + .c0 {
  margin-left: 1rem;
}

.c4 + .c0 {
  margin-left: 1rem;
}

.c5 + .c0 {
  margin-left: 1rem;
}

.c6 + .c0 {
  margin-left: 1rem;
}

.c7 + .c0 {
  margin-left: 1rem;
}

.c8 + .c0 {
  margin-left: 1rem;
}

.c9 + .c0 {
  margin-left: 1rem;
}

.c10 + .c0 {
  margin-left: 1rem;
}

.c11 + .c0 {
  margin-left: 1rem;
}

.c12 + .c0 {
  margin-left: 1rem;
}

.c13 + .c0 {
  margin-left: 1rem;
}

.c14 + .c0 {
  margin-left: 1rem;
}

.c15 + .c0 {
  margin-left: 1rem;
}

.c16 + .c0 {
  margin-left: 1rem;
}

.c17 + .c0 {
  margin-left: 1rem;
}

.c18 + .c0 {
  margin-left: 1rem;
}

.c19 + .c0 {
  margin-left: 1rem;
}

.c20 + .c0 {
  margin-left: 1rem;
}

.c21 + .c0 {
  margin-left: 1rem;
}

.c22 + .c0 {
  margin-left: 1rem;
}

.c23 + .c0 {
  margin-left: 1rem;
}

.c24 + .c0 {
  margin-left: 1rem;
}

.c25 + .c0 {
  margin-left: 1rem;
}

.c26 + .c0 {
  margin-left: 1rem;
}

.c27 + .c0 {
  margin-left: 1rem;
}

.c28 + .c0 {
  margin-left: 1rem;
}

.c1 {
  position: relative;
  border-radius: 4px;
  font-weight: 600;
  font-family: Avenir Next,Segoe UI,Helvetica,Roboto,sans-serif;
  text-align: center;
  cursor: pointer;
  display: -webkit-box;
  display: -webkit-flex;
  display: -ms-flexbox;
  display: flex;
  -webkit-box-pack: center;
  -webkit-justify-content: center;
  -ms-flex-pack: center;
  justify-content: center;
  -webkit-align-items: center;
  -webkit-box-align: center;
  -ms-flex-align: center;
  align-items: center;
  outline: none !important;
  margin: 0;
  -webkit-transition: 500ms ease background-color, 500ms ease border-color, 500ms ease color, 500ms ease fill;
  transition: 500ms ease background-color, 500ms ease border-color, 500ms ease color, 500ms ease fill;
  -webkit-font-smoothing: antialiased;
  -moz-osx-font-smoothing: grayscale;
  border: solid thin transparent;
  background-color: transparent;
  color: #FFFFFF;
  padding: 0 1.5rem;
  font-size: 1rem;
  height: 3rem;
  min-width: 12.5rem;
  background: rgba(255,255,255,0.16);
  color: #FFFFFF;
  background: rgba(255,255,255,0.2);
}

.c1 + .c0 {
  margin-left: 1rem;
}

.c1:hover,
.c1:focus,
.c1:active {
  background: rgba(255,255,255,0.16);
  color: #FFFFFF;
}

.c1:active {
  background: rgba(255,255,255,0.2);
}

.c1:focus:after {
  position: absolute;
  content: '';
  top: calc(-1px - 2px);
  left: calc(-1px - 2px);
  right: calc(-1px - 2px);
  bottom: calc(-1px - 2px);
  border-radius: calc(4px + 2px);
  box-shadow: 0 0 0 2px rgba(255,255,255,0.4);
}

.c29 + .c0 {
  margin-left: 1rem;
}

<button
    className="anchor-button c0 c1"
    height={3}
    size="large"
  >
    Text
  </button>,
  .c2 + .c0 {
  margin-left: 1rem;
}

.c3 + .c0 {
  margin-left: 1rem;
}

.c4 + .c0 {
  margin-left: 1rem;
}

.c5 + .c0 {
  margin-left: 1rem;
}

.c6 + .c0 {
  margin-left: 1rem;
}

.c7 + .c0 {
  margin-left: 1rem;
}

.c8 + .c0 {
  margin-left: 1rem;
}

.c9 + .c0 {
  margin-left: 1rem;
}

.c10 + .c0 {
  margin-left: 1rem;
}

.c11 + .c0 {
  margin-left: 1rem;
}

.c12 + .c0 {
  margin-left: 1rem;
}

.c13 + .c0 {
  margin-left: 1rem;
}

.c14 + .c0 {
  margin-left: 1rem;
}

.c15 + .c0 {
  margin-left: 1rem;
}

.c16 + .c0 {
  margin-left: 1rem;
}

.c17 + .c0 {
  margin-left: 1rem;
}

.c18 + .c0 {
  margin-left: 1rem;
}

.c19 + .c0 {
  margin-left: 1rem;
}

.c20 + .c0 {
  margin-left: 1rem;
}

.c21 + .c0 {
  margin-left: 1rem;
}

.c22 + .c0 {
  margin-left: 1rem;
}

.c23 + .c0 {
  margin-left: 1rem;
}

.c24 + .c0 {
  margin-left: 1rem;
}

.c25 + .c0 {
  margin-left: 1rem;
}

.c26 + .c0 {
  margin-left: 1rem;
}

.c27 + .c0 {
  margin-left: 1rem;
}

.c28 + .c0 {
  margin-left: 1rem;
}

.c29 + .c0 {
  margin-left: 1rem;
}

.c1 {
  position: relative;
  border-radius: 4px;
  font-weight: 600;
  font-family: Avenir Next,Segoe UI,Helvetica,Roboto,sans-serif;
  text-align: center;
  cursor: pointer;
  display: -webkit-box;
  display: -webkit-flex;
  display: -ms-flexbox;
  display: flex;
  -webkit-box-pack: center;
  -webkit-justify-content: center;
  -ms-flex-pack: center;
  justify-content: center;
  -webkit-align-items: center;
  -webkit-box-align: center;
  -ms-flex-align: center;
  align-items: center;
  outline: none !important;
  margin: 0;
  -webkit-transition: 500ms ease background-color, 500ms ease border-color, 500ms ease color, 500ms ease fill;
  transition: 500ms ease background-color, 500ms ease border-color, 500ms ease color, 500ms ease fill;
  -webkit-font-smoothing: antialiased;
  -moz-osx-font-smoothing: grayscale;
  border: solid thin transparent;
  background-color: transparent;
  color: #FFFFFF;
  padding: 0 1.5rem;
  font-size: 1rem;
  height: 3rem;
  min-width: 12.5rem;
  background: rgba(255,255,255,0.16);
  color: #FFFFFF;
}

.c1 + .c0 {
  margin-left: 1rem;
}

.c1:hover,
.c1:focus,
.c1:active {
  background: rgba(255,255,255,0.16);
  color: #FFFFFF;
}

.c1:active {
  background: rgba(255,255,255,0.2);
}

.c1:focus:after {
  position: absolute;
  content: '';
  top: calc(-1px - 2px);
  left: calc(-1px - 2px);
  right: calc(-1px - 2px);
  bottom: calc(-1px - 2px);
  border-radius: calc(4px + 2px);
  box-shadow: 0 0 0 2px rgba(255,255,255,0.4);
}

.c1:after {
  position: absolute;
  content: '';
  top: calc(-1px - 2px);
  left: calc(-1px - 2px);
  right: calc(-1px - 2px);
  bottom: calc(-1px - 2px);
  border-radius: calc(4px + 2px);
  box-shadow: 0 0 0 2px rgba(255,255,255,0.4);
}

<button
    className="anchor-button c0 c1"
    height={3}
    size="large"
  >
    Text
  </button>,
]
`;

exports[`Component: Button Reverse Variant: Outline should be disableable 1`] = `
.c2 + .c0 {
  margin-left: 1rem;
}

.c3 + .c0 {
  margin-left: 1rem;
}

.c4 + .c0 {
  margin-left: 1rem;
}

.c5 + .c0 {
  margin-left: 1rem;
}

.c6 + .c0 {
  margin-left: 1rem;
}

.c7 + .c0 {
  margin-left: 1rem;
}

.c8 + .c0 {
  margin-left: 1rem;
}

.c9 + .c0 {
  margin-left: 1rem;
}

.c10 + .c0 {
  margin-left: 1rem;
}

.c11 + .c0 {
  margin-left: 1rem;
}

.c12 + .c0 {
  margin-left: 1rem;
}

.c13 + .c0 {
  margin-left: 1rem;
}

.c14 + .c0 {
  margin-left: 1rem;
}

.c15 + .c0 {
  margin-left: 1rem;
}

.c16 + .c0 {
  margin-left: 1rem;
}

.c17 + .c0 {
  margin-left: 1rem;
}

.c18 + .c0 {
  margin-left: 1rem;
}

.c19 + .c0 {
  margin-left: 1rem;
}

.c20 + .c0 {
  margin-left: 1rem;
}

.c21 + .c0 {
  margin-left: 1rem;
}

.c22 + .c0 {
  margin-left: 1rem;
}

.c23 + .c0 {
  margin-left: 1rem;
}

.c24 + .c0 {
  margin-left: 1rem;
}

.c25 + .c0 {
  margin-left: 1rem;
}

.c1 {
  position: relative;
  border-radius: 4px;
  font-weight: 600;
  font-family: Avenir Next,Segoe UI,Helvetica,Roboto,sans-serif;
  text-align: center;
  cursor: pointer;
  display: -webkit-box;
  display: -webkit-flex;
  display: -ms-flexbox;
  display: flex;
  -webkit-box-pack: center;
  -webkit-justify-content: center;
  -ms-flex-pack: center;
  justify-content: center;
  -webkit-align-items: center;
  -webkit-box-align: center;
  -ms-flex-align: center;
  align-items: center;
  outline: none !important;
  margin: 0;
  -webkit-transition: 500ms ease background-color, 500ms ease border-color, 500ms ease color, 500ms ease fill;
  transition: 500ms ease background-color, 500ms ease border-color, 500ms ease color, 500ms ease fill;
  -webkit-font-smoothing: antialiased;
  -moz-osx-font-smoothing: grayscale;
  opacity: 0.5;
  border: solid thin #FFFFFF;
  background-color: transparent;
  color: #FFFFFF;
  cursor: not-allowed;
  padding: 0 1.5rem;
  font-size: 1rem;
  height: 3rem;
  min-width: 12.5rem;
}

.c1 + .c0 {
  margin-left: 1rem;
}

.c1:focus:after {
  position: absolute;
  content: '';
  top: calc(-1px - 2px);
  left: calc(-1px - 2px);
  right: calc(-1px - 2px);
  bottom: calc(-1px - 2px);
  border-radius: calc(4px + 2px);
  box-shadow: 0 0 0 2px rgba(255,255,255,0.4);
}

<button
  className="anchor-button c0 c1"
  disabled={true}
  height={3}
  size="large"
>
  Text
</button>
`;

exports[`Component: Button Reverse Variant: Outline should render an outline button 1`] = `
.c2 + .c0 {
  margin-left: 1rem;
}

.c3 + .c0 {
  margin-left: 1rem;
}

.c4 + .c0 {
  margin-left: 1rem;
}

.c5 + .c0 {
  margin-left: 1rem;
}

.c6 + .c0 {
  margin-left: 1rem;
}

.c7 + .c0 {
  margin-left: 1rem;
}

.c8 + .c0 {
  margin-left: 1rem;
}

.c9 + .c0 {
  margin-left: 1rem;
}

.c10 + .c0 {
  margin-left: 1rem;
}

.c11 + .c0 {
  margin-left: 1rem;
}

.c12 + .c0 {
  margin-left: 1rem;
}

.c13 + .c0 {
  margin-left: 1rem;
}

.c14 + .c0 {
  margin-left: 1rem;
}

.c15 + .c0 {
  margin-left: 1rem;
}

.c16 + .c0 {
  margin-left: 1rem;
}

.c17 + .c0 {
  margin-left: 1rem;
}

.c18 + .c0 {
  margin-left: 1rem;
}

.c19 + .c0 {
  margin-left: 1rem;
}

.c20 + .c0 {
  margin-left: 1rem;
}

.c21 + .c0 {
  margin-left: 1rem;
}

.c22 + .c0 {
  margin-left: 1rem;
}

.c1 {
  position: relative;
  border-radius: 4px;
  font-weight: 600;
  font-family: Avenir Next,Segoe UI,Helvetica,Roboto,sans-serif;
  text-align: center;
  cursor: pointer;
  display: -webkit-box;
  display: -webkit-flex;
  display: -ms-flexbox;
  display: flex;
  -webkit-box-pack: center;
  -webkit-justify-content: center;
  -ms-flex-pack: center;
  justify-content: center;
  -webkit-align-items: center;
  -webkit-box-align: center;
  -ms-flex-align: center;
  align-items: center;
  outline: none !important;
  margin: 0;
  -webkit-transition: 500ms ease background-color, 500ms ease border-color, 500ms ease color, 500ms ease fill;
  transition: 500ms ease background-color, 500ms ease border-color, 500ms ease color, 500ms ease fill;
  -webkit-font-smoothing: antialiased;
  -moz-osx-font-smoothing: grayscale;
  border: solid thin #FFFFFF;
  background-color: transparent;
  color: #FFFFFF;
  padding: 0 1.5rem;
  font-size: 1rem;
  height: 3rem;
  min-width: 12.5rem;
}

.c1 + .c0 {
  margin-left: 1rem;
}

.c1:hover,
.c1:focus,
.c1:active {
  border: solid thin #FFFFFF;
  background-color: #FFFFFF;
  color: #595959;
}

.c1:focus:after {
  position: absolute;
  content: '';
  top: calc(-1px - 2px);
  left: calc(-1px - 2px);
  right: calc(-1px - 2px);
  bottom: calc(-1px - 2px);
  border-radius: calc(4px + 2px);
  box-shadow: 0 0 0 2px rgba(255,255,255,0.4);
}

<button
  className="anchor-button c0 c1"
  height={3}
  size="large"
>
  Text
</button>
`;

exports[`Component: Button Reverse Variant: Outline should render hovered, active and focused states 1`] = `
Array [
  .c2 + .c0 {
  margin-left: 1rem;
}

.c3 + .c0 {
  margin-left: 1rem;
}

.c4 + .c0 {
  margin-left: 1rem;
}

.c5 + .c0 {
  margin-left: 1rem;
}

.c6 + .c0 {
  margin-left: 1rem;
}

.c7 + .c0 {
  margin-left: 1rem;
}

.c8 + .c0 {
  margin-left: 1rem;
}

.c9 + .c0 {
  margin-left: 1rem;
}

.c10 + .c0 {
  margin-left: 1rem;
}

.c11 + .c0 {
  margin-left: 1rem;
}

.c12 + .c0 {
  margin-left: 1rem;
}

.c13 + .c0 {
  margin-left: 1rem;
}

.c14 + .c0 {
  margin-left: 1rem;
}

.c15 + .c0 {
  margin-left: 1rem;
}

.c16 + .c0 {
  margin-left: 1rem;
}

.c17 + .c0 {
  margin-left: 1rem;
}

.c18 + .c0 {
  margin-left: 1rem;
}

.c19 + .c0 {
  margin-left: 1rem;
}

.c20 + .c0 {
  margin-left: 1rem;
}

.c21 + .c0 {
  margin-left: 1rem;
}

.c22 + .c0 {
  margin-left: 1rem;
}

.c23 + .c0 {
  margin-left: 1rem;
}

.c1 {
  position: relative;
  border-radius: 4px;
  font-weight: 600;
  font-family: Avenir Next,Segoe UI,Helvetica,Roboto,sans-serif;
  text-align: center;
  cursor: pointer;
  display: -webkit-box;
  display: -webkit-flex;
  display: -ms-flexbox;
  display: flex;
  -webkit-box-pack: center;
  -webkit-justify-content: center;
  -ms-flex-pack: center;
  justify-content: center;
  -webkit-align-items: center;
  -webkit-box-align: center;
  -ms-flex-align: center;
  align-items: center;
  outline: none !important;
  margin: 0;
  -webkit-transition: 500ms ease background-color, 500ms ease border-color, 500ms ease color, 500ms ease fill;
  transition: 500ms ease background-color, 500ms ease border-color, 500ms ease color, 500ms ease fill;
  -webkit-font-smoothing: antialiased;
  -moz-osx-font-smoothing: grayscale;
  border: solid thin #FFFFFF;
  background-color: transparent;
  color: #FFFFFF;
  padding: 0 1.5rem;
  font-size: 1rem;
  height: 3rem;
  min-width: 12.5rem;
  border: solid thin #FFFFFF;
  background-color: #FFFFFF;
  color: #595959;
}

.c1 + .c0 {
  margin-left: 1rem;
}

.c1:hover,
.c1:focus,
.c1:active {
  border: solid thin #FFFFFF;
  background-color: #FFFFFF;
  color: #595959;
}

.c1:focus:after {
  position: absolute;
  content: '';
  top: calc(-1px - 2px);
  left: calc(-1px - 2px);
  right: calc(-1px - 2px);
  bottom: calc(-1px - 2px);
  border-radius: calc(4px + 2px);
  box-shadow: 0 0 0 2px rgba(255,255,255,0.4);
}

.c24 + .c0 {
  margin-left: 1rem;
}

<button
    className="anchor-button c0 c1"
    height={3}
    size="large"
  >
    Text
  </button>,
  .c2 + .c0 {
  margin-left: 1rem;
}

.c3 + .c0 {
  margin-left: 1rem;
}

.c4 + .c0 {
  margin-left: 1rem;
}

.c5 + .c0 {
  margin-left: 1rem;
}

.c6 + .c0 {
  margin-left: 1rem;
}

.c7 + .c0 {
  margin-left: 1rem;
}

.c8 + .c0 {
  margin-left: 1rem;
}

.c9 + .c0 {
  margin-left: 1rem;
}

.c10 + .c0 {
  margin-left: 1rem;
}

.c11 + .c0 {
  margin-left: 1rem;
}

.c12 + .c0 {
  margin-left: 1rem;
}

.c13 + .c0 {
  margin-left: 1rem;
}

.c14 + .c0 {
  margin-left: 1rem;
}

.c15 + .c0 {
  margin-left: 1rem;
}

.c16 + .c0 {
  margin-left: 1rem;
}

.c17 + .c0 {
  margin-left: 1rem;
}

.c18 + .c0 {
  margin-left: 1rem;
}

.c19 + .c0 {
  margin-left: 1rem;
}

.c20 + .c0 {
  margin-left: 1rem;
}

.c21 + .c0 {
  margin-left: 1rem;
}

.c22 + .c0 {
  margin-left: 1rem;
}

.c23 + .c0 {
  margin-left: 1rem;
}

.c1 {
  position: relative;
  border-radius: 4px;
  font-weight: 600;
  font-family: Avenir Next,Segoe UI,Helvetica,Roboto,sans-serif;
  text-align: center;
  cursor: pointer;
  display: -webkit-box;
  display: -webkit-flex;
  display: -ms-flexbox;
  display: flex;
  -webkit-box-pack: center;
  -webkit-justify-content: center;
  -ms-flex-pack: center;
  justify-content: center;
  -webkit-align-items: center;
  -webkit-box-align: center;
  -ms-flex-align: center;
  align-items: center;
  outline: none !important;
  margin: 0;
  -webkit-transition: 500ms ease background-color, 500ms ease border-color, 500ms ease color, 500ms ease fill;
  transition: 500ms ease background-color, 500ms ease border-color, 500ms ease color, 500ms ease fill;
  -webkit-font-smoothing: antialiased;
  -moz-osx-font-smoothing: grayscale;
  border: solid thin #FFFFFF;
  background-color: transparent;
  color: #FFFFFF;
  padding: 0 1.5rem;
  font-size: 1rem;
  height: 3rem;
  min-width: 12.5rem;
  border: solid thin #FFFFFF;
  background-color: #FFFFFF;
  color: #595959;
}

.c1 + .c0 {
  margin-left: 1rem;
}

.c1:hover,
.c1:focus,
.c1:active {
  border: solid thin #FFFFFF;
  background-color: #FFFFFF;
  color: #595959;
}

.c1:focus:after {
  position: absolute;
  content: '';
  top: calc(-1px - 2px);
  left: calc(-1px - 2px);
  right: calc(-1px - 2px);
  bottom: calc(-1px - 2px);
  border-radius: calc(4px + 2px);
  box-shadow: 0 0 0 2px rgba(255,255,255,0.4);
}

.c24 + .c0 {
  margin-left: 1rem;
}

<button
    className="anchor-button c0 c1"
    height={3}
    size="large"
  >
    Text
  </button>,
  .c2 + .c0 {
  margin-left: 1rem;
}

.c3 + .c0 {
  margin-left: 1rem;
}

.c4 + .c0 {
  margin-left: 1rem;
}

.c5 + .c0 {
  margin-left: 1rem;
}

.c6 + .c0 {
  margin-left: 1rem;
}

.c7 + .c0 {
  margin-left: 1rem;
}

.c8 + .c0 {
  margin-left: 1rem;
}

.c9 + .c0 {
  margin-left: 1rem;
}

.c10 + .c0 {
  margin-left: 1rem;
}

.c11 + .c0 {
  margin-left: 1rem;
}

.c12 + .c0 {
  margin-left: 1rem;
}

.c13 + .c0 {
  margin-left: 1rem;
}

.c14 + .c0 {
  margin-left: 1rem;
}

.c15 + .c0 {
  margin-left: 1rem;
}

.c16 + .c0 {
  margin-left: 1rem;
}

.c17 + .c0 {
  margin-left: 1rem;
}

.c18 + .c0 {
  margin-left: 1rem;
}

.c19 + .c0 {
  margin-left: 1rem;
}

.c20 + .c0 {
  margin-left: 1rem;
}

.c21 + .c0 {
  margin-left: 1rem;
}

.c22 + .c0 {
  margin-left: 1rem;
}

.c23 + .c0 {
  margin-left: 1rem;
}

.c24 + .c0 {
  margin-left: 1rem;
}

.c1 {
  position: relative;
  border-radius: 4px;
  font-weight: 600;
  font-family: Avenir Next,Segoe UI,Helvetica,Roboto,sans-serif;
  text-align: center;
  cursor: pointer;
  display: -webkit-box;
  display: -webkit-flex;
  display: -ms-flexbox;
  display: flex;
  -webkit-box-pack: center;
  -webkit-justify-content: center;
  -ms-flex-pack: center;
  justify-content: center;
  -webkit-align-items: center;
  -webkit-box-align: center;
  -ms-flex-align: center;
  align-items: center;
  outline: none !important;
  margin: 0;
  -webkit-transition: 500ms ease background-color, 500ms ease border-color, 500ms ease color, 500ms ease fill;
  transition: 500ms ease background-color, 500ms ease border-color, 500ms ease color, 500ms ease fill;
  -webkit-font-smoothing: antialiased;
  -moz-osx-font-smoothing: grayscale;
  border: solid thin #FFFFFF;
  background-color: transparent;
  color: #FFFFFF;
  padding: 0 1.5rem;
  font-size: 1rem;
  height: 3rem;
  min-width: 12.5rem;
  border: solid thin #FFFFFF;
  background-color: #FFFFFF;
  color: #595959;
}

.c1 + .c0 {
  margin-left: 1rem;
}

.c1:hover,
.c1:focus,
.c1:active {
  border: solid thin #FFFFFF;
  background-color: #FFFFFF;
  color: #595959;
}

.c1:focus:after {
  position: absolute;
  content: '';
  top: calc(-1px - 2px);
  left: calc(-1px - 2px);
  right: calc(-1px - 2px);
  bottom: calc(-1px - 2px);
  border-radius: calc(4px + 2px);
  box-shadow: 0 0 0 2px rgba(255,255,255,0.4);
}

.c1:after {
  position: absolute;
  content: '';
  top: calc(-1px - 2px);
  left: calc(-1px - 2px);
  right: calc(-1px - 2px);
  bottom: calc(-1px - 2px);
  border-radius: calc(4px + 2px);
  box-shadow: 0 0 0 2px rgba(255,255,255,0.4);
}

<button
    className="anchor-button c0 c1"
    height={3}
    size="large"
  >
    Text
  </button>,
]
`;

exports[`Component: Button Reverse Variant: Primary should have a disabled state 1`] = `
.c2 + .c0 {
  margin-left: 1rem;
}

.c3 + .c0 {
  margin-left: 1rem;
}

.c4 + .c0 {
  margin-left: 1rem;
}

.c5 + .c0 {
  margin-left: 1rem;
}

.c6 + .c0 {
  margin-left: 1rem;
}

.c7 + .c0 {
  margin-left: 1rem;
}

.c8 + .c0 {
  margin-left: 1rem;
}

.c9 + .c0 {
  margin-left: 1rem;
}

.c10 + .c0 {
  margin-left: 1rem;
}

.c11 + .c0 {
  margin-left: 1rem;
}

.c12 + .c0 {
  margin-left: 1rem;
}

.c13 + .c0 {
  margin-left: 1rem;
}

.c14 + .c0 {
  margin-left: 1rem;
}

.c15 + .c0 {
  margin-left: 1rem;
}

.c16 + .c0 {
  margin-left: 1rem;
}

.c17 + .c0 {
  margin-left: 1rem;
}

.c18 + .c0 {
  margin-left: 1rem;
}

.c19 + .c0 {
  margin-left: 1rem;
}

.c20 + .c0 {
  margin-left: 1rem;
}

.c21 + .c0 {
  margin-left: 1rem;
}

.c1 {
  position: relative;
  border-radius: 4px;
  font-weight: 600;
  font-family: Avenir Next,Segoe UI,Helvetica,Roboto,sans-serif;
  text-align: center;
  cursor: pointer;
  display: -webkit-box;
  display: -webkit-flex;
  display: -ms-flexbox;
  display: flex;
  -webkit-box-pack: center;
  -webkit-justify-content: center;
  -ms-flex-pack: center;
  justify-content: center;
  -webkit-align-items: center;
  -webkit-box-align: center;
  -ms-flex-align: center;
  align-items: center;
  outline: none !important;
  margin: 0;
  -webkit-transition: 500ms ease background-color, 500ms ease border-color, 500ms ease color, 500ms ease fill;
  transition: 500ms ease background-color, 500ms ease border-color, 500ms ease color, 500ms ease fill;
  -webkit-font-smoothing: antialiased;
  -moz-osx-font-smoothing: grayscale;
  border: solid thin #FFFFFF;
  background-color: #FFFFFF;
  color: #595959;
  opacity: 0.5;
  cursor: not-allowed;
  padding: 0 1.5rem;
  font-size: 1rem;
  height: 3rem;
  min-width: 12.5rem;
}

.c1 + .c0 {
  margin-left: 1rem;
}

.c1:focus:after {
  position: absolute;
  content: '';
  top: calc(-1px - 2px);
  left: calc(-1px - 2px);
  right: calc(-1px - 2px);
  bottom: calc(-1px - 2px);
  border-radius: calc(4px + 2px);
  box-shadow: 0 0 0 2px rgba(255,255,255,0.4);
}

<button
  className="anchor-button c0 c1"
  disabled={true}
  height={3}
  size="large"
>
  Text
</button>
`;

exports[`Component: Button Reverse Variant: Primary should render a primary button 1`] = `
.c2 + .c0 {
  margin-left: 1rem;
}

.c3 + .c0 {
  margin-left: 1rem;
}

.c4 + .c0 {
  margin-left: 1rem;
}

.c5 + .c0 {
  margin-left: 1rem;
}

.c6 + .c0 {
  margin-left: 1rem;
}

.c7 + .c0 {
  margin-left: 1rem;
}

.c8 + .c0 {
  margin-left: 1rem;
}

.c9 + .c0 {
  margin-left: 1rem;
}

.c10 + .c0 {
  margin-left: 1rem;
}

.c11 + .c0 {
  margin-left: 1rem;
}

.c12 + .c0 {
  margin-left: 1rem;
}

.c13 + .c0 {
  margin-left: 1rem;
}

.c14 + .c0 {
  margin-left: 1rem;
}

.c15 + .c0 {
  margin-left: 1rem;
}

.c16 + .c0 {
  margin-left: 1rem;
}

.c17 + .c0 {
  margin-left: 1rem;
}

.c1 {
  position: relative;
  border-radius: 4px;
  font-weight: 600;
  font-family: Avenir Next,Segoe UI,Helvetica,Roboto,sans-serif;
  text-align: center;
  cursor: pointer;
  display: -webkit-box;
  display: -webkit-flex;
  display: -ms-flexbox;
  display: flex;
  -webkit-box-pack: center;
  -webkit-justify-content: center;
  -ms-flex-pack: center;
  justify-content: center;
  -webkit-align-items: center;
  -webkit-box-align: center;
  -ms-flex-align: center;
  align-items: center;
  outline: none !important;
  margin: 0;
  -webkit-transition: 500ms ease background-color, 500ms ease border-color, 500ms ease color, 500ms ease fill;
  transition: 500ms ease background-color, 500ms ease border-color, 500ms ease color, 500ms ease fill;
  -webkit-font-smoothing: antialiased;
  -moz-osx-font-smoothing: grayscale;
  border: solid thin #FFFFFF;
  background-color: #FFFFFF;
  color: #595959;
  padding: 0 1.5rem;
  font-size: 1rem;
  height: 3rem;
  min-width: 12.5rem;
}

.c1 + .c0 {
  margin-left: 1rem;
}

.c1:hover,
.c1:focus,
.c1:active {
  border: solid thin rgba(255,255,255,0.85);
  background-color: rgba(255,255,255,0.85);
  color: #595959;
}

.c1:active {
  border: solid thin #FFFFFF;
  background-color: #FFFFFF;
}

.c1:focus {
  border: solid thin #FFFFFF;
  background-color: #FFFFFF;
}

.c1:focus:after {
  position: absolute;
  content: '';
  top: calc(-1px - 2px);
  left: calc(-1px - 2px);
  right: calc(-1px - 2px);
  bottom: calc(-1px - 2px);
  border-radius: calc(4px + 2px);
  box-shadow: 0 0 0 2px rgba(255,255,255,0.4);
}

<button
  className="anchor-button c0 c1"
  height={3}
  size="large"
>
  Text
</button>
`;

exports[`Component: Button Reverse Variant: Primary should render hovered, active and focused states 1`] = `
Array [
  .c2 + .c0 {
  margin-left: 1rem;
}

.c3 + .c0 {
  margin-left: 1rem;
}

.c4 + .c0 {
  margin-left: 1rem;
}

.c5 + .c0 {
  margin-left: 1rem;
}

.c6 + .c0 {
  margin-left: 1rem;
}

.c7 + .c0 {
  margin-left: 1rem;
}

.c8 + .c0 {
  margin-left: 1rem;
}

.c9 + .c0 {
  margin-left: 1rem;
}

.c10 + .c0 {
  margin-left: 1rem;
}

.c11 + .c0 {
  margin-left: 1rem;
}

.c12 + .c0 {
  margin-left: 1rem;
}

.c13 + .c0 {
  margin-left: 1rem;
}

.c14 + .c0 {
  margin-left: 1rem;
}

.c15 + .c0 {
  margin-left: 1rem;
}

.c16 + .c0 {
  margin-left: 1rem;
}

.c17 + .c0 {
  margin-left: 1rem;
}

.c18 + .c0 {
  margin-left: 1rem;
}

.c1 {
  position: relative;
  border-radius: 4px;
  font-weight: 600;
  font-family: Avenir Next,Segoe UI,Helvetica,Roboto,sans-serif;
  text-align: center;
  cursor: pointer;
  display: -webkit-box;
  display: -webkit-flex;
  display: -ms-flexbox;
  display: flex;
  -webkit-box-pack: center;
  -webkit-justify-content: center;
  -ms-flex-pack: center;
  justify-content: center;
  -webkit-align-items: center;
  -webkit-box-align: center;
  -ms-flex-align: center;
  align-items: center;
  outline: none !important;
  margin: 0;
  -webkit-transition: 500ms ease background-color, 500ms ease border-color, 500ms ease color, 500ms ease fill;
  transition: 500ms ease background-color, 500ms ease border-color, 500ms ease color, 500ms ease fill;
  -webkit-font-smoothing: antialiased;
  -moz-osx-font-smoothing: grayscale;
  border: solid thin #FFFFFF;
  background-color: #FFFFFF;
  color: #595959;
  padding: 0 1.5rem;
  font-size: 1rem;
  height: 3rem;
  min-width: 12.5rem;
  border: solid thin rgba(255,255,255,0.85);
  background-color: rgba(255,255,255,0.85);
  color: #595959;
}

.c1 + .c0 {
  margin-left: 1rem;
}

.c1:hover,
.c1:focus,
.c1:active {
  border: solid thin rgba(255,255,255,0.85);
  background-color: rgba(255,255,255,0.85);
  color: #595959;
}

.c1:active {
  border: solid thin #FFFFFF;
  background-color: #FFFFFF;
}

.c1:focus {
  border: solid thin #FFFFFF;
  background-color: #FFFFFF;
}

.c1:focus:after {
  position: absolute;
  content: '';
  top: calc(-1px - 2px);
  left: calc(-1px - 2px);
  right: calc(-1px - 2px);
  bottom: calc(-1px - 2px);
  border-radius: calc(4px + 2px);
  box-shadow: 0 0 0 2px rgba(255,255,255,0.4);
}

.c19 + .c0 {
  margin-left: 1rem;
}

.c20 + .c0 {
  margin-left: 1rem;
}

<button
    className="anchor-button c0 c1"
    height={3}
    size="large"
  >
    Text
  </button>,
  .c2 + .c0 {
  margin-left: 1rem;
}

.c3 + .c0 {
  margin-left: 1rem;
}

.c4 + .c0 {
  margin-left: 1rem;
}

.c5 + .c0 {
  margin-left: 1rem;
}

.c6 + .c0 {
  margin-left: 1rem;
}

.c7 + .c0 {
  margin-left: 1rem;
}

.c8 + .c0 {
  margin-left: 1rem;
}

.c9 + .c0 {
  margin-left: 1rem;
}

.c10 + .c0 {
  margin-left: 1rem;
}

.c11 + .c0 {
  margin-left: 1rem;
}

.c12 + .c0 {
  margin-left: 1rem;
}

.c13 + .c0 {
  margin-left: 1rem;
}

.c14 + .c0 {
  margin-left: 1rem;
}

.c15 + .c0 {
  margin-left: 1rem;
}

.c16 + .c0 {
  margin-left: 1rem;
}

.c17 + .c0 {
  margin-left: 1rem;
}

.c18 + .c0 {
  margin-left: 1rem;
}

.c19 + .c0 {
  margin-left: 1rem;
}

.c1 {
  position: relative;
  border-radius: 4px;
  font-weight: 600;
  font-family: Avenir Next,Segoe UI,Helvetica,Roboto,sans-serif;
  text-align: center;
  cursor: pointer;
  display: -webkit-box;
  display: -webkit-flex;
  display: -ms-flexbox;
  display: flex;
  -webkit-box-pack: center;
  -webkit-justify-content: center;
  -ms-flex-pack: center;
  justify-content: center;
  -webkit-align-items: center;
  -webkit-box-align: center;
  -ms-flex-align: center;
  align-items: center;
  outline: none !important;
  margin: 0;
  -webkit-transition: 500ms ease background-color, 500ms ease border-color, 500ms ease color, 500ms ease fill;
  transition: 500ms ease background-color, 500ms ease border-color, 500ms ease color, 500ms ease fill;
  -webkit-font-smoothing: antialiased;
  -moz-osx-font-smoothing: grayscale;
  border: solid thin #FFFFFF;
  background-color: #FFFFFF;
  color: #595959;
  padding: 0 1.5rem;
  font-size: 1rem;
  height: 3rem;
  min-width: 12.5rem;
  border: solid thin rgba(255,255,255,0.85);
  background-color: rgba(255,255,255,0.85);
  color: #595959;
  border: solid thin #FFFFFF;
  background-color: #FFFFFF;
}

.c1 + .c0 {
  margin-left: 1rem;
}

.c1:hover,
.c1:focus,
.c1:active {
  border: solid thin rgba(255,255,255,0.85);
  background-color: rgba(255,255,255,0.85);
  color: #595959;
}

.c1:active {
  border: solid thin #FFFFFF;
  background-color: #FFFFFF;
}

.c1:focus {
  border: solid thin #FFFFFF;
  background-color: #FFFFFF;
}

.c1:focus:after {
  position: absolute;
  content: '';
  top: calc(-1px - 2px);
  left: calc(-1px - 2px);
  right: calc(-1px - 2px);
  bottom: calc(-1px - 2px);
  border-radius: calc(4px + 2px);
  box-shadow: 0 0 0 2px rgba(255,255,255,0.4);
}

.c20 + .c0 {
  margin-left: 1rem;
}

<button
    className="anchor-button c0 c1"
    height={3}
    size="large"
  >
    Text
  </button>,
  .c2 + .c0 {
  margin-left: 1rem;
}

.c3 + .c0 {
  margin-left: 1rem;
}

.c4 + .c0 {
  margin-left: 1rem;
}

.c5 + .c0 {
  margin-left: 1rem;
}

.c6 + .c0 {
  margin-left: 1rem;
}

.c7 + .c0 {
  margin-left: 1rem;
}

.c8 + .c0 {
  margin-left: 1rem;
}

.c9 + .c0 {
  margin-left: 1rem;
}

.c10 + .c0 {
  margin-left: 1rem;
}

.c11 + .c0 {
  margin-left: 1rem;
}

.c12 + .c0 {
  margin-left: 1rem;
}

.c13 + .c0 {
  margin-left: 1rem;
}

.c14 + .c0 {
  margin-left: 1rem;
}

.c15 + .c0 {
  margin-left: 1rem;
}

.c16 + .c0 {
  margin-left: 1rem;
}

.c17 + .c0 {
  margin-left: 1rem;
}

.c18 + .c0 {
  margin-left: 1rem;
}

.c19 + .c0 {
  margin-left: 1rem;
}

.c20 + .c0 {
  margin-left: 1rem;
}

.c1 {
  position: relative;
  border-radius: 4px;
  font-weight: 600;
  font-family: Avenir Next,Segoe UI,Helvetica,Roboto,sans-serif;
  text-align: center;
  cursor: pointer;
  display: -webkit-box;
  display: -webkit-flex;
  display: -ms-flexbox;
  display: flex;
  -webkit-box-pack: center;
  -webkit-justify-content: center;
  -ms-flex-pack: center;
  justify-content: center;
  -webkit-align-items: center;
  -webkit-box-align: center;
  -ms-flex-align: center;
  align-items: center;
  outline: none !important;
  margin: 0;
  -webkit-transition: 500ms ease background-color, 500ms ease border-color, 500ms ease color, 500ms ease fill;
  transition: 500ms ease background-color, 500ms ease border-color, 500ms ease color, 500ms ease fill;
  -webkit-font-smoothing: antialiased;
  -moz-osx-font-smoothing: grayscale;
  border: solid thin #FFFFFF;
  background-color: #FFFFFF;
  color: #595959;
  padding: 0 1.5rem;
  font-size: 1rem;
  height: 3rem;
  min-width: 12.5rem;
  border: solid thin rgba(255,255,255,0.85);
  background-color: rgba(255,255,255,0.85);
  color: #595959;
  border: solid thin #FFFFFF;
  background-color: #FFFFFF;
}

.c1 + .c0 {
  margin-left: 1rem;
}

.c1:hover,
.c1:focus,
.c1:active {
  border: solid thin rgba(255,255,255,0.85);
  background-color: rgba(255,255,255,0.85);
  color: #595959;
}

.c1:active {
  border: solid thin #FFFFFF;
  background-color: #FFFFFF;
}

.c1:focus {
  border: solid thin #FFFFFF;
  background-color: #FFFFFF;
}

.c1:focus:after {
  position: absolute;
  content: '';
  top: calc(-1px - 2px);
  left: calc(-1px - 2px);
  right: calc(-1px - 2px);
  bottom: calc(-1px - 2px);
  border-radius: calc(4px + 2px);
  box-shadow: 0 0 0 2px rgba(255,255,255,0.4);
}

.c1:after {
  position: absolute;
  content: '';
  top: calc(-1px - 2px);
  left: calc(-1px - 2px);
  right: calc(-1px - 2px);
  bottom: calc(-1px - 2px);
  border-radius: calc(4px + 2px);
  box-shadow: 0 0 0 2px rgba(255,255,255,0.4);
}

<button
    className="anchor-button c0 c1"
    height={3}
    size="large"
  >
    Text
  </button>,
]
`;

exports[`Component: Button Sizes should render a large button 1`] = `
.c1 {
  position: relative;
  border-radius: 4px;
  font-weight: 600;
  font-family: Avenir Next,Segoe UI,Helvetica,Roboto,sans-serif;
  text-align: center;
  cursor: pointer;
  display: -webkit-box;
  display: -webkit-flex;
  display: -ms-flexbox;
  display: flex;
  -webkit-box-pack: center;
  -webkit-justify-content: center;
  -ms-flex-pack: center;
  justify-content: center;
  -webkit-align-items: center;
  -webkit-box-align: center;
  -ms-flex-align: center;
  align-items: center;
  outline: none !important;
  margin: 0;
  -webkit-transition: 500ms ease background-color, 500ms ease border-color, 500ms ease color, 500ms ease fill;
  transition: 500ms ease background-color, 500ms ease border-color, 500ms ease color, 500ms ease fill;
  -webkit-font-smoothing: antialiased;
  -moz-osx-font-smoothing: grayscale;
  border: solid thin #0998D6;
  background-color: #0998D6;
  color: #FFFFFF;
  padding: 0 1.5rem;
  font-size: 1rem;
  height: 3rem;
  min-width: 12.5rem;
}

.c1 + .c0 {
  margin-left: 1rem;
}

.c1:hover,
.c1:focus,
.c1:active {
  background-color: #0074A6;
  border: solid thin #0074A6;
}

.c1:focus:after {
  position: absolute;
  content: '';
  top: calc(-1px - 2px);
  left: calc(-1px - 2px);
  right: calc(-1px - 2px);
  bottom: calc(-1px - 2px);
  border-radius: calc(4px + 2px);
  box-shadow: 0 0 0 2px rgba(9,152,214,0.4);
}

.c2 + .c0 {
  margin-left: 1rem;
}

.c3 + .c0 {
  margin-left: 1rem;
}

.c4 + .c0 {
  margin-left: 1rem;
}

.c5 + .c0 {
  margin-left: 1rem;
}

.c6 + .c0 {
  margin-left: 1rem;
}

.c7 + .c0 {
  margin-left: 1rem;
}

.c8 + .c0 {
  margin-left: 1rem;
}

.c9 + .c0 {
  margin-left: 1rem;
}

.c10 + .c0 {
  margin-left: 1rem;
}

.c11 + .c0 {
  margin-left: 1rem;
}

.c12 + .c0 {
  margin-left: 1rem;
}

.c13 + .c0 {
  margin-left: 1rem;
}

.c14 + .c0 {
  margin-left: 1rem;
}

.c15 + .c0 {
  margin-left: 1rem;
}

.c16 + .c0 {
  margin-left: 1rem;
}

.c17 + .c0 {
  margin-left: 1rem;
}

.c18 + .c0 {
  margin-left: 1rem;
}

.c19 + .c0 {
  margin-left: 1rem;
}

.c20 + .c0 {
  margin-left: 1rem;
}

.c21 + .c0 {
  margin-left: 1rem;
}

.c22 + .c0 {
  margin-left: 1rem;
}

.c23 + .c0 {
  margin-left: 1rem;
}

.c24 + .c0 {
  margin-left: 1rem;
}

.c25 + .c0 {
  margin-left: 1rem;
}

.c26 + .c0 {
  margin-left: 1rem;
}

.c27 + .c0 {
  margin-left: 1rem;
}

.c28 + .c0 {
  margin-left: 1rem;
}

.c29 + .c0 {
  margin-left: 1rem;
}

.c30 + .c0 {
  margin-left: 1rem;
}

.c31 + .c0 {
  margin-left: 1rem;
}

<button
  className="anchor-button c0 c1"
  height={3}
  size="large"
>
  Text
</button>
`;

exports[`Component: Button Sizes should render a small button 1`] = `
.c2 {
  position: absolute;
  top: -1px;
  left: -1px;
  right: -1px;
  bottom: -1px;
  margin: -0.25rem 0;
}

.c3 + .c0 {
  margin-left: 1rem;
}

.c4 + .c0 {
  margin-left: 1rem;
}

.c5 + .c0 {
  margin-left: 1rem;
}

.c6 + .c0 {
  margin-left: 1rem;
}

.c7 + .c0 {
  margin-left: 1rem;
}

.c8 + .c0 {
  margin-left: 1rem;
}

.c9 + .c0 {
  margin-left: 1rem;
}

.c10 + .c0 {
  margin-left: 1rem;
}

.c11 + .c0 {
  margin-left: 1rem;
}

.c12 + .c0 {
  margin-left: 1rem;
}

.c13 + .c0 {
  margin-left: 1rem;
}

.c14 + .c0 {
  margin-left: 1rem;
}

.c15 + .c0 {
  margin-left: 1rem;
}

.c16 + .c0 {
  margin-left: 1rem;
}

.c17 + .c0 {
  margin-left: 1rem;
}

.c18 + .c0 {
  margin-left: 1rem;
}

.c19 + .c0 {
  margin-left: 1rem;
}

.c20 + .c0 {
  margin-left: 1rem;
}

.c21 + .c0 {
  margin-left: 1rem;
}

.c22 + .c0 {
  margin-left: 1rem;
}

.c23 + .c0 {
  margin-left: 1rem;
}

.c24 + .c0 {
  margin-left: 1rem;
}

.c25 + .c0 {
  margin-left: 1rem;
}

.c26 + .c0 {
  margin-left: 1rem;
}

.c27 + .c0 {
  margin-left: 1rem;
}

.c28 + .c0 {
  margin-left: 1rem;
}

.c29 + .c0 {
  margin-left: 1rem;
}

.c30 + .c0 {
  margin-left: 1rem;
}

.c31 + .c0 {
  margin-left: 1rem;
}

.c32 + .c0 {
  margin-left: 1rem;
}

.c33 + .c0 {
  margin-left: 1rem;
}

.c1 {
  position: relative;
  border-radius: 4px;
  font-weight: 600;
  font-family: Avenir Next,Segoe UI,Helvetica,Roboto,sans-serif;
  text-align: center;
  cursor: pointer;
  display: -webkit-box;
  display: -webkit-flex;
  display: -ms-flexbox;
  display: flex;
  -webkit-box-pack: center;
  -webkit-justify-content: center;
  -ms-flex-pack: center;
  justify-content: center;
  -webkit-align-items: center;
  -webkit-box-align: center;
  -ms-flex-align: center;
  align-items: center;
  outline: none !important;
  margin: 0;
  -webkit-transition: 500ms ease background-color, 500ms ease border-color, 500ms ease color, 500ms ease fill;
  transition: 500ms ease background-color, 500ms ease border-color, 500ms ease color, 500ms ease fill;
  -webkit-font-smoothing: antialiased;
  -moz-osx-font-smoothing: grayscale;
  border: solid thin #0998D6;
  background-color: #0998D6;
  color: #FFFFFF;
  padding: 0 1rem;
  font-size: 0.875rem;
  height: 2.5rem;
  min-width: 5rem;
}

.c1 + .c0 {
  margin-left: 1rem;
}

.c1:hover,
.c1:focus,
.c1:active {
  background-color: #0074A6;
  border: solid thin #0074A6;
}

.c1:focus:after {
  position: absolute;
  content: '';
  top: calc(-1px - 2px);
  left: calc(-1px - 2px);
  right: calc(-1px - 2px);
  bottom: calc(-1px - 2px);
  border-radius: calc(4px + 2px);
  box-shadow: 0 0 0 2px rgba(9,152,214,0.4);
}

<button
  className="anchor-button c0 c1"
  height={2.5}
  size="small"
>
  <div
    className="c2"
  />
  Text
</button>
`;

exports[`Component: Button Sizes should render an xlarge button 1`] = `
.c2 + .c0 {
  margin-left: 1rem;
}

.c3 + .c0 {
  margin-left: 1rem;
}

.c4 + .c0 {
  margin-left: 1rem;
}

.c5 + .c0 {
  margin-left: 1rem;
}

.c6 + .c0 {
  margin-left: 1rem;
}

.c7 + .c0 {
  margin-left: 1rem;
}

.c8 + .c0 {
  margin-left: 1rem;
}

.c9 + .c0 {
  margin-left: 1rem;
}

.c10 + .c0 {
  margin-left: 1rem;
}

.c11 + .c0 {
  margin-left: 1rem;
}

.c12 + .c0 {
  margin-left: 1rem;
}

.c13 + .c0 {
  margin-left: 1rem;
}

.c14 + .c0 {
  margin-left: 1rem;
}

.c15 + .c0 {
  margin-left: 1rem;
}

.c16 + .c0 {
  margin-left: 1rem;
}

.c17 + .c0 {
  margin-left: 1rem;
}

.c18 + .c0 {
  margin-left: 1rem;
}

.c19 + .c0 {
  margin-left: 1rem;
}

.c20 + .c0 {
  margin-left: 1rem;
}

.c21 + .c0 {
  margin-left: 1rem;
}

.c22 + .c0 {
  margin-left: 1rem;
}

.c23 + .c0 {
  margin-left: 1rem;
}

.c24 + .c0 {
  margin-left: 1rem;
}

.c25 + .c0 {
  margin-left: 1rem;
}

.c26 + .c0 {
  margin-left: 1rem;
}

.c27 + .c0 {
  margin-left: 1rem;
}

.c28 + .c0 {
  margin-left: 1rem;
}

.c29 + .c0 {
  margin-left: 1rem;
}

.c30 + .c0 {
  margin-left: 1rem;
}

.c31 + .c0 {
  margin-left: 1rem;
}

.c1 {
  position: relative;
  border-radius: 4px;
  font-weight: 600;
  font-family: Avenir Next,Segoe UI,Helvetica,Roboto,sans-serif;
  text-align: center;
  cursor: pointer;
  display: -webkit-box;
  display: -webkit-flex;
  display: -ms-flexbox;
  display: flex;
  -webkit-box-pack: center;
  -webkit-justify-content: center;
  -ms-flex-pack: center;
  justify-content: center;
  -webkit-align-items: center;
  -webkit-box-align: center;
  -ms-flex-align: center;
  align-items: center;
  outline: none !important;
  margin: 0;
  -webkit-transition: 500ms ease background-color, 500ms ease border-color, 500ms ease color, 500ms ease fill;
  transition: 500ms ease background-color, 500ms ease border-color, 500ms ease color, 500ms ease fill;
  -webkit-font-smoothing: antialiased;
  -moz-osx-font-smoothing: grayscale;
  border: solid thin #0998D6;
  background-color: #0998D6;
  color: #FFFFFF;
  padding: 0 2rem;
  font-size: 1rem;
  height: 3.5rem;
  min-width: 12.5rem;
}

.c1 + .c0 {
  margin-left: 1rem;
}

.c1:hover,
.c1:focus,
.c1:active {
  background-color: #0074A6;
  border: solid thin #0074A6;
}

.c1:focus:after {
  position: absolute;
  content: '';
  top: calc(-1px - 2px);
  left: calc(-1px - 2px);
  right: calc(-1px - 2px);
  bottom: calc(-1px - 2px);
  border-radius: calc(4px + 2px);
  box-shadow: 0 0 0 2px rgba(9,152,214,0.4);
}

<button
  className="anchor-button c0 c1"
  height={3.5}
  size="xlarge"
>
  Text
</button>
`;

exports[`Component: Button Sizes should render an xsmall button 1`] = `
.c2 {
  position: absolute;
  top: -1px;
  left: -1px;
  right: -1px;
  bottom: -1px;
  margin: -0.5rem 0;
}

.c3 + .c0 {
  margin-left: 1rem;
}

.c4 + .c0 {
  margin-left: 1rem;
}

.c5 + .c0 {
  margin-left: 1rem;
}

.c6 + .c0 {
  margin-left: 1rem;
}

.c7 + .c0 {
  margin-left: 1rem;
}

.c8 + .c0 {
  margin-left: 1rem;
}

.c9 + .c0 {
  margin-left: 1rem;
}

.c10 + .c0 {
  margin-left: 1rem;
}

.c11 + .c0 {
  margin-left: 1rem;
}

.c12 + .c0 {
  margin-left: 1rem;
}

.c13 + .c0 {
  margin-left: 1rem;
}

.c14 + .c0 {
  margin-left: 1rem;
}

.c15 + .c0 {
  margin-left: 1rem;
}

.c16 + .c0 {
  margin-left: 1rem;
}

.c17 + .c0 {
  margin-left: 1rem;
}

.c18 + .c0 {
  margin-left: 1rem;
}

.c19 + .c0 {
  margin-left: 1rem;
}

.c20 + .c0 {
  margin-left: 1rem;
}

.c21 + .c0 {
  margin-left: 1rem;
}

.c22 + .c0 {
  margin-left: 1rem;
}

.c23 + .c0 {
  margin-left: 1rem;
}

.c24 + .c0 {
  margin-left: 1rem;
}

.c25 + .c0 {
  margin-left: 1rem;
}

.c26 + .c0 {
  margin-left: 1rem;
}

.c27 + .c0 {
  margin-left: 1rem;
}

.c28 + .c0 {
  margin-left: 1rem;
}

.c29 + .c0 {
  margin-left: 1rem;
}

.c30 + .c0 {
  margin-left: 1rem;
}

.c31 + .c0 {
  margin-left: 1rem;
}

.c32 + .c0 {
  margin-left: 1rem;
}

.c33 + .c0 {
  margin-left: 1rem;
}

.c34 + .c0 {
  margin-left: 1rem;
}

.c1 {
  position: relative;
  border-radius: 4px;
  font-weight: 600;
  font-family: Avenir Next,Segoe UI,Helvetica,Roboto,sans-serif;
  text-align: center;
  cursor: pointer;
  display: -webkit-box;
  display: -webkit-flex;
  display: -ms-flexbox;
  display: flex;
  -webkit-box-pack: center;
  -webkit-justify-content: center;
  -ms-flex-pack: center;
  justify-content: center;
  -webkit-align-items: center;
  -webkit-box-align: center;
  -ms-flex-align: center;
  align-items: center;
  outline: none !important;
  margin: 0;
  -webkit-transition: 500ms ease background-color, 500ms ease border-color, 500ms ease color, 500ms ease fill;
  transition: 500ms ease background-color, 500ms ease border-color, 500ms ease color, 500ms ease fill;
  -webkit-font-smoothing: antialiased;
  -moz-osx-font-smoothing: grayscale;
  border: solid thin #0998D6;
  background-color: #0998D6;
  color: #FFFFFF;
  padding: 0 0.5rem;
  font-size: 0.75rem;
  height: 2rem;
  min-width: 4rem;
}

.c1 + .c0 {
  margin-left: 1rem;
}

.c1:hover,
.c1:focus,
.c1:active {
  background-color: #0074A6;
  border: solid thin #0074A6;
}

.c1:focus:after {
  position: absolute;
  content: '';
  top: calc(-1px - 2px);
  left: calc(-1px - 2px);
  right: calc(-1px - 2px);
  bottom: calc(-1px - 2px);
  border-radius: calc(4px + 2px);
  box-shadow: 0 0 0 2px rgba(9,152,214,0.4);
}

<button
  className="anchor-button c0 c1"
  height={2}
  size="xsmall"
>
  <div
    className="c2"
  />
  Text
</button>
`;

exports[`Component: Button Variant: Minimal should be disableable 1`] = `
.c2 + .c0 {
  margin-left: 1rem;
}

.c3 + .c0 {
  margin-left: 1rem;
}

.c4 + .c0 {
  margin-left: 1rem;
}

.c5 + .c0 {
  margin-left: 1rem;
}

.c6 + .c0 {
  margin-left: 1rem;
}

.c7 + .c0 {
  margin-left: 1rem;
}

.c8 + .c0 {
  margin-left: 1rem;
}

.c9 + .c0 {
  margin-left: 1rem;
}

.c10 + .c0 {
  margin-left: 1rem;
}

.c11 + .c0 {
  margin-left: 1rem;
}

.c12 + .c0 {
  margin-left: 1rem;
}

.c13 + .c0 {
  margin-left: 1rem;
}

.c14 + .c0 {
  margin-left: 1rem;
}

.c15 + .c0 {
  margin-left: 1rem;
}

.c16 + .c0 {
  margin-left: 1rem;
}

.c1 {
  position: relative;
  border-radius: 4px;
  font-weight: 600;
  font-family: Avenir Next,Segoe UI,Helvetica,Roboto,sans-serif;
  text-align: center;
  cursor: pointer;
  display: -webkit-box;
  display: -webkit-flex;
  display: -ms-flexbox;
  display: flex;
  -webkit-box-pack: center;
  -webkit-justify-content: center;
  -ms-flex-pack: center;
  justify-content: center;
  -webkit-align-items: center;
  -webkit-box-align: center;
  -ms-flex-align: center;
  align-items: center;
  outline: none !important;
  margin: 0;
  -webkit-transition: 500ms ease background-color, 500ms ease border-color, 500ms ease color, 500ms ease fill;
  transition: 500ms ease background-color, 500ms ease border-color, 500ms ease color, 500ms ease fill;
  -webkit-font-smoothing: antialiased;
  -moz-osx-font-smoothing: grayscale;
  border: solid thin #D3D3D3;
  background-color: #D3D3D3;
  color: #808080;
  cursor: not-allowed;
  padding: 0 1.5rem;
  font-size: 1rem;
  height: 3rem;
  min-width: 12.5rem;
}

.c1 + .c0 {
  margin-left: 1rem;
}

.c1:focus:after {
  position: absolute;
  content: '';
  top: calc(-1px - 2px);
  left: calc(-1px - 2px);
  right: calc(-1px - 2px);
  bottom: calc(-1px - 2px);
  border-radius: calc(4px + 2px);
  box-shadow: 0 0 0 2px rgba(128,128,128,0.4);
}

<button
  className="anchor-button c0 c1"
  disabled={true}
  height={3}
  size="large"
>
  Text
</button>
`;

exports[`Component: Button Variant: Minimal should render an minimal button 1`] = `
.c2 + .c0 {
  margin-left: 1rem;
}

.c3 + .c0 {
  margin-left: 1rem;
}

.c4 + .c0 {
  margin-left: 1rem;
}

.c5 + .c0 {
  margin-left: 1rem;
}

.c6 + .c0 {
  margin-left: 1rem;
}

.c7 + .c0 {
  margin-left: 1rem;
}

.c8 + .c0 {
  margin-left: 1rem;
}

.c9 + .c0 {
  margin-left: 1rem;
}

.c10 + .c0 {
  margin-left: 1rem;
}

.c11 + .c0 {
  margin-left: 1rem;
}

.c12 + .c0 {
  margin-left: 1rem;
}

.c13 + .c0 {
  margin-left: 1rem;
}

.c1 {
  position: relative;
  border-radius: 4px;
  font-weight: 600;
  font-family: Avenir Next,Segoe UI,Helvetica,Roboto,sans-serif;
  text-align: center;
  cursor: pointer;
  display: -webkit-box;
  display: -webkit-flex;
  display: -ms-flexbox;
  display: flex;
  -webkit-box-pack: center;
  -webkit-justify-content: center;
  -ms-flex-pack: center;
  justify-content: center;
  -webkit-align-items: center;
  -webkit-box-align: center;
  -ms-flex-align: center;
  align-items: center;
  outline: none !important;
  margin: 0;
  -webkit-transition: 500ms ease background-color, 500ms ease border-color, 500ms ease color, 500ms ease fill;
  transition: 500ms ease background-color, 500ms ease border-color, 500ms ease color, 500ms ease fill;
  -webkit-font-smoothing: antialiased;
  -moz-osx-font-smoothing: grayscale;
  border: solid thin transparent;
  background-color: transparent;
  color: #0074A6;
  padding: 0 1.5rem;
  font-size: 1rem;
  height: 3rem;
  min-width: 12.5rem;
}

.c1 + .c0 {
  margin-left: 1rem;
}

.c1:hover,
.c1:focus,
.c1:active {
  background: rgba(128,128,128,0.16);
  color: #0074A6;
}

.c1:focus:after {
  position: absolute;
  content: '';
  top: calc(-1px - 2px);
  left: calc(-1px - 2px);
  right: calc(-1px - 2px);
  bottom: calc(-1px - 2px);
  border-radius: calc(4px + 2px);
  box-shadow: 0 0 0 2px rgba(128,128,128,0.4);
}

<button
  className="anchor-button c0 c1"
  height={3}
  size="large"
>
  Text
</button>
`;

exports[`Component: Button Variant: Minimal should render hovered, active and focused states 1`] = `
Array [
  .c2 + .c0 {
  margin-left: 1rem;
}

.c3 + .c0 {
  margin-left: 1rem;
}

.c4 + .c0 {
  margin-left: 1rem;
}

.c5 + .c0 {
  margin-left: 1rem;
}

.c6 + .c0 {
  margin-left: 1rem;
}

.c7 + .c0 {
  margin-left: 1rem;
}

.c8 + .c0 {
  margin-left: 1rem;
}

.c9 + .c0 {
  margin-left: 1rem;
}

.c10 + .c0 {
  margin-left: 1rem;
}

.c11 + .c0 {
  margin-left: 1rem;
}

.c12 + .c0 {
  margin-left: 1rem;
}

.c13 + .c0 {
  margin-left: 1rem;
}

.c14 + .c0 {
  margin-left: 1rem;
}

.c1 {
  position: relative;
  border-radius: 4px;
  font-weight: 600;
  font-family: Avenir Next,Segoe UI,Helvetica,Roboto,sans-serif;
  text-align: center;
  cursor: pointer;
  display: -webkit-box;
  display: -webkit-flex;
  display: -ms-flexbox;
  display: flex;
  -webkit-box-pack: center;
  -webkit-justify-content: center;
  -ms-flex-pack: center;
  justify-content: center;
  -webkit-align-items: center;
  -webkit-box-align: center;
  -ms-flex-align: center;
  align-items: center;
  outline: none !important;
  margin: 0;
  -webkit-transition: 500ms ease background-color, 500ms ease border-color, 500ms ease color, 500ms ease fill;
  transition: 500ms ease background-color, 500ms ease border-color, 500ms ease color, 500ms ease fill;
  -webkit-font-smoothing: antialiased;
  -moz-osx-font-smoothing: grayscale;
  border: solid thin transparent;
  background-color: transparent;
  color: #0074A6;
  padding: 0 1.5rem;
  font-size: 1rem;
  height: 3rem;
  min-width: 12.5rem;
  background: rgba(128,128,128,0.16);
  color: #0074A6;
}

.c1 + .c0 {
  margin-left: 1rem;
}

.c1:hover,
.c1:focus,
.c1:active {
  background: rgba(128,128,128,0.16);
  color: #0074A6;
}

.c1:focus:after {
  position: absolute;
  content: '';
  top: calc(-1px - 2px);
  left: calc(-1px - 2px);
  right: calc(-1px - 2px);
  bottom: calc(-1px - 2px);
  border-radius: calc(4px + 2px);
  box-shadow: 0 0 0 2px rgba(128,128,128,0.4);
}

.c15 + .c0 {
  margin-left: 1rem;
}

<button
    className="anchor-button c0 c1"
    height={3}
    size="large"
  >
    Text
  </button>,
  .c2 + .c0 {
  margin-left: 1rem;
}

.c3 + .c0 {
  margin-left: 1rem;
}

.c4 + .c0 {
  margin-left: 1rem;
}

.c5 + .c0 {
  margin-left: 1rem;
}

.c6 + .c0 {
  margin-left: 1rem;
}

.c7 + .c0 {
  margin-left: 1rem;
}

.c8 + .c0 {
  margin-left: 1rem;
}

.c9 + .c0 {
  margin-left: 1rem;
}

.c10 + .c0 {
  margin-left: 1rem;
}

.c11 + .c0 {
  margin-left: 1rem;
}

.c12 + .c0 {
  margin-left: 1rem;
}

.c13 + .c0 {
  margin-left: 1rem;
}

.c14 + .c0 {
  margin-left: 1rem;
}

.c1 {
  position: relative;
  border-radius: 4px;
  font-weight: 600;
  font-family: Avenir Next,Segoe UI,Helvetica,Roboto,sans-serif;
  text-align: center;
  cursor: pointer;
  display: -webkit-box;
  display: -webkit-flex;
  display: -ms-flexbox;
  display: flex;
  -webkit-box-pack: center;
  -webkit-justify-content: center;
  -ms-flex-pack: center;
  justify-content: center;
  -webkit-align-items: center;
  -webkit-box-align: center;
  -ms-flex-align: center;
  align-items: center;
  outline: none !important;
  margin: 0;
  -webkit-transition: 500ms ease background-color, 500ms ease border-color, 500ms ease color, 500ms ease fill;
  transition: 500ms ease background-color, 500ms ease border-color, 500ms ease color, 500ms ease fill;
  -webkit-font-smoothing: antialiased;
  -moz-osx-font-smoothing: grayscale;
  border: solid thin transparent;
  background-color: transparent;
  color: #0074A6;
  padding: 0 1.5rem;
  font-size: 1rem;
  height: 3rem;
  min-width: 12.5rem;
  background: rgba(128,128,128,0.16);
  color: #0074A6;
}

.c1 + .c0 {
  margin-left: 1rem;
}

.c1:hover,
.c1:focus,
.c1:active {
  background: rgba(128,128,128,0.16);
  color: #0074A6;
}

.c1:focus:after {
  position: absolute;
  content: '';
  top: calc(-1px - 2px);
  left: calc(-1px - 2px);
  right: calc(-1px - 2px);
  bottom: calc(-1px - 2px);
  border-radius: calc(4px + 2px);
  box-shadow: 0 0 0 2px rgba(128,128,128,0.4);
}

.c15 + .c0 {
  margin-left: 1rem;
}

<button
    className="anchor-button c0 c1"
    height={3}
    size="large"
  >
    Text
  </button>,
  .c2 + .c0 {
  margin-left: 1rem;
}

.c3 + .c0 {
  margin-left: 1rem;
}

.c4 + .c0 {
  margin-left: 1rem;
}

.c5 + .c0 {
  margin-left: 1rem;
}

.c6 + .c0 {
  margin-left: 1rem;
}

.c7 + .c0 {
  margin-left: 1rem;
}

.c8 + .c0 {
  margin-left: 1rem;
}

.c9 + .c0 {
  margin-left: 1rem;
}

.c10 + .c0 {
  margin-left: 1rem;
}

.c11 + .c0 {
  margin-left: 1rem;
}

.c12 + .c0 {
  margin-left: 1rem;
}

.c13 + .c0 {
  margin-left: 1rem;
}

.c14 + .c0 {
  margin-left: 1rem;
}

.c15 + .c0 {
  margin-left: 1rem;
}

.c1 {
  position: relative;
  border-radius: 4px;
  font-weight: 600;
  font-family: Avenir Next,Segoe UI,Helvetica,Roboto,sans-serif;
  text-align: center;
  cursor: pointer;
  display: -webkit-box;
  display: -webkit-flex;
  display: -ms-flexbox;
  display: flex;
  -webkit-box-pack: center;
  -webkit-justify-content: center;
  -ms-flex-pack: center;
  justify-content: center;
  -webkit-align-items: center;
  -webkit-box-align: center;
  -ms-flex-align: center;
  align-items: center;
  outline: none !important;
  margin: 0;
  -webkit-transition: 500ms ease background-color, 500ms ease border-color, 500ms ease color, 500ms ease fill;
  transition: 500ms ease background-color, 500ms ease border-color, 500ms ease color, 500ms ease fill;
  -webkit-font-smoothing: antialiased;
  -moz-osx-font-smoothing: grayscale;
  border: solid thin transparent;
  background-color: transparent;
  color: #0074A6;
  padding: 0 1.5rem;
  font-size: 1rem;
  height: 3rem;
  min-width: 12.5rem;
  background: rgba(128,128,128,0.16);
  color: #0074A6;
}

.c1 + .c0 {
  margin-left: 1rem;
}

.c1:hover,
.c1:focus,
.c1:active {
  background: rgba(128,128,128,0.16);
  color: #0074A6;
}

.c1:focus:after {
  position: absolute;
  content: '';
  top: calc(-1px - 2px);
  left: calc(-1px - 2px);
  right: calc(-1px - 2px);
  bottom: calc(-1px - 2px);
  border-radius: calc(4px + 2px);
  box-shadow: 0 0 0 2px rgba(128,128,128,0.4);
}

.c1:after {
  position: absolute;
  content: '';
  top: calc(-1px - 2px);
  left: calc(-1px - 2px);
  right: calc(-1px - 2px);
  bottom: calc(-1px - 2px);
  border-radius: calc(4px + 2px);
  box-shadow: 0 0 0 2px rgba(128,128,128,0.4);
}

<button
    className="anchor-button c0 c1"
    height={3}
    size="large"
  >
    Text
  </button>,
]
`;

exports[`Component: Button Variant: Outline should be disableable 1`] = `
.c2 + .c0 {
  margin-left: 1rem;
}

.c3 + .c0 {
  margin-left: 1rem;
}

.c4 + .c0 {
  margin-left: 1rem;
}

.c5 + .c0 {
  margin-left: 1rem;
}

.c6 + .c0 {
  margin-left: 1rem;
}

.c7 + .c0 {
  margin-left: 1rem;
}

.c8 + .c0 {
  margin-left: 1rem;
}

.c9 + .c0 {
  margin-left: 1rem;
}

.c10 + .c0 {
  margin-left: 1rem;
}

.c11 + .c0 {
  margin-left: 1rem;
}

.c12 + .c0 {
  margin-left: 1rem;
}

.c1 {
  position: relative;
  border-radius: 4px;
  font-weight: 600;
  font-family: Avenir Next,Segoe UI,Helvetica,Roboto,sans-serif;
  text-align: center;
  cursor: pointer;
  display: -webkit-box;
  display: -webkit-flex;
  display: -ms-flexbox;
  display: flex;
  -webkit-box-pack: center;
  -webkit-justify-content: center;
  -ms-flex-pack: center;
  justify-content: center;
  -webkit-align-items: center;
  -webkit-box-align: center;
  -ms-flex-align: center;
  align-items: center;
  outline: none !important;
  margin: 0;
  -webkit-transition: 500ms ease background-color, 500ms ease border-color, 500ms ease color, 500ms ease fill;
  transition: 500ms ease background-color, 500ms ease border-color, 500ms ease color, 500ms ease fill;
  -webkit-font-smoothing: antialiased;
  -moz-osx-font-smoothing: grayscale;
  border: solid thin #808080;
  background-color: transparent;
  color: #808080;
  cursor: not-allowed;
  padding: 0 1.5rem;
  font-size: 1rem;
  height: 3rem;
  min-width: 12.5rem;
}

.c1 + .c0 {
  margin-left: 1rem;
}

.c1:focus:after {
  position: absolute;
  content: '';
  top: calc(-1px - 2px);
  left: calc(-1px - 2px);
  right: calc(-1px - 2px);
  bottom: calc(-1px - 2px);
  border-radius: calc(4px + 2px);
  box-shadow: 0 0 0 2px rgba(9,152,214,0.4);
}

<button
  className="anchor-button c0 c1"
  disabled={true}
  height={3}
  size="large"
>
  Text
</button>
`;

exports[`Component: Button Variant: Outline should render an outline button 1`] = `
.c2 + .c0 {
  margin-left: 1rem;
}

.c3 + .c0 {
  margin-left: 1rem;
}

.c4 + .c0 {
  margin-left: 1rem;
}

.c5 + .c0 {
  margin-left: 1rem;
}

.c6 + .c0 {
  margin-left: 1rem;
}

.c7 + .c0 {
  margin-left: 1rem;
}

.c8 + .c0 {
  margin-left: 1rem;
}

.c9 + .c0 {
  margin-left: 1rem;
}

.c1 {
  position: relative;
  border-radius: 4px;
  font-weight: 600;
  font-family: Avenir Next,Segoe UI,Helvetica,Roboto,sans-serif;
  text-align: center;
  cursor: pointer;
  display: -webkit-box;
  display: -webkit-flex;
  display: -ms-flexbox;
  display: flex;
  -webkit-box-pack: center;
  -webkit-justify-content: center;
  -ms-flex-pack: center;
  justify-content: center;
  -webkit-align-items: center;
  -webkit-box-align: center;
  -ms-flex-align: center;
  align-items: center;
  outline: none !important;
  margin: 0;
  -webkit-transition: 500ms ease background-color, 500ms ease border-color, 500ms ease color, 500ms ease fill;
  transition: 500ms ease background-color, 500ms ease border-color, 500ms ease color, 500ms ease fill;
  -webkit-font-smoothing: antialiased;
  -moz-osx-font-smoothing: grayscale;
  border: solid thin #0074A6;
  background-color: transparent;
  color: #0074A6;
  padding: 0 1.5rem;
  font-size: 1rem;
  height: 3rem;
  min-width: 12.5rem;
}

.c1 + .c0 {
  margin-left: 1rem;
}

.c1:hover,
.c1:focus,
.c1:active {
  background-color: #0074A6;
  border: solid thin #0074A6;
  color: #FFFFFF;
}

.c1:focus:after {
  position: absolute;
  content: '';
  top: calc(-1px - 2px);
  left: calc(-1px - 2px);
  right: calc(-1px - 2px);
  bottom: calc(-1px - 2px);
  border-radius: calc(4px + 2px);
  box-shadow: 0 0 0 2px rgba(9,152,214,0.4);
}

<button
  className="anchor-button c0 c1"
  height={3}
  size="large"
>
  Text
</button>
`;

exports[`Component: Button Variant: Outline should render hovered, active and focused states 1`] = `
Array [
  .c2 + .c0 {
  margin-left: 1rem;
}

.c3 + .c0 {
  margin-left: 1rem;
}

.c4 + .c0 {
  margin-left: 1rem;
}

.c5 + .c0 {
  margin-left: 1rem;
}

.c6 + .c0 {
  margin-left: 1rem;
}

.c7 + .c0 {
  margin-left: 1rem;
}

.c8 + .c0 {
  margin-left: 1rem;
}

.c9 + .c0 {
  margin-left: 1rem;
}

.c10 + .c0 {
  margin-left: 1rem;
}

.c1 {
  position: relative;
  border-radius: 4px;
  font-weight: 600;
  font-family: Avenir Next,Segoe UI,Helvetica,Roboto,sans-serif;
  text-align: center;
  cursor: pointer;
  display: -webkit-box;
  display: -webkit-flex;
  display: -ms-flexbox;
  display: flex;
  -webkit-box-pack: center;
  -webkit-justify-content: center;
  -ms-flex-pack: center;
  justify-content: center;
  -webkit-align-items: center;
  -webkit-box-align: center;
  -ms-flex-align: center;
  align-items: center;
  outline: none !important;
  margin: 0;
  -webkit-transition: 500ms ease background-color, 500ms ease border-color, 500ms ease color, 500ms ease fill;
  transition: 500ms ease background-color, 500ms ease border-color, 500ms ease color, 500ms ease fill;
  -webkit-font-smoothing: antialiased;
  -moz-osx-font-smoothing: grayscale;
  border: solid thin #0074A6;
  background-color: transparent;
  color: #0074A6;
  padding: 0 1.5rem;
  font-size: 1rem;
  height: 3rem;
  min-width: 12.5rem;
  background-color: #0074A6;
  border: solid thin #0074A6;
  color: #FFFFFF;
}

.c1 + .c0 {
  margin-left: 1rem;
}

.c1:hover,
.c1:focus,
.c1:active {
  background-color: #0074A6;
  border: solid thin #0074A6;
  color: #FFFFFF;
}

.c1:focus:after {
  position: absolute;
  content: '';
  top: calc(-1px - 2px);
  left: calc(-1px - 2px);
  right: calc(-1px - 2px);
  bottom: calc(-1px - 2px);
  border-radius: calc(4px + 2px);
  box-shadow: 0 0 0 2px rgba(9,152,214,0.4);
}

.c11 + .c0 {
  margin-left: 1rem;
}

<button
    className="anchor-button c0 c1"
    height={3}
    size="large"
  >
    Text
  </button>,
  .c2 + .c0 {
  margin-left: 1rem;
}

.c3 + .c0 {
  margin-left: 1rem;
}

.c4 + .c0 {
  margin-left: 1rem;
}

.c5 + .c0 {
  margin-left: 1rem;
}

.c6 + .c0 {
  margin-left: 1rem;
}

.c7 + .c0 {
  margin-left: 1rem;
}

.c8 + .c0 {
  margin-left: 1rem;
}

.c9 + .c0 {
  margin-left: 1rem;
}

.c10 + .c0 {
  margin-left: 1rem;
}

.c1 {
  position: relative;
  border-radius: 4px;
  font-weight: 600;
  font-family: Avenir Next,Segoe UI,Helvetica,Roboto,sans-serif;
  text-align: center;
  cursor: pointer;
  display: -webkit-box;
  display: -webkit-flex;
  display: -ms-flexbox;
  display: flex;
  -webkit-box-pack: center;
  -webkit-justify-content: center;
  -ms-flex-pack: center;
  justify-content: center;
  -webkit-align-items: center;
  -webkit-box-align: center;
  -ms-flex-align: center;
  align-items: center;
  outline: none !important;
  margin: 0;
  -webkit-transition: 500ms ease background-color, 500ms ease border-color, 500ms ease color, 500ms ease fill;
  transition: 500ms ease background-color, 500ms ease border-color, 500ms ease color, 500ms ease fill;
  -webkit-font-smoothing: antialiased;
  -moz-osx-font-smoothing: grayscale;
  border: solid thin #0074A6;
  background-color: transparent;
  color: #0074A6;
  padding: 0 1.5rem;
  font-size: 1rem;
  height: 3rem;
  min-width: 12.5rem;
  background-color: #0074A6;
  border: solid thin #0074A6;
  color: #FFFFFF;
}

.c1 + .c0 {
  margin-left: 1rem;
}

.c1:hover,
.c1:focus,
.c1:active {
  background-color: #0074A6;
  border: solid thin #0074A6;
  color: #FFFFFF;
}

.c1:focus:after {
  position: absolute;
  content: '';
  top: calc(-1px - 2px);
  left: calc(-1px - 2px);
  right: calc(-1px - 2px);
  bottom: calc(-1px - 2px);
  border-radius: calc(4px + 2px);
  box-shadow: 0 0 0 2px rgba(9,152,214,0.4);
}

.c11 + .c0 {
  margin-left: 1rem;
}

<button
    className="anchor-button c0 c1"
    height={3}
    size="large"
  >
    Text
  </button>,
  .c2 + .c0 {
  margin-left: 1rem;
}

.c3 + .c0 {
  margin-left: 1rem;
}

.c4 + .c0 {
  margin-left: 1rem;
}

.c5 + .c0 {
  margin-left: 1rem;
}

.c6 + .c0 {
  margin-left: 1rem;
}

.c7 + .c0 {
  margin-left: 1rem;
}

.c8 + .c0 {
  margin-left: 1rem;
}

.c9 + .c0 {
  margin-left: 1rem;
}

.c10 + .c0 {
  margin-left: 1rem;
}

.c11 + .c0 {
  margin-left: 1rem;
}

.c1 {
  position: relative;
  border-radius: 4px;
  font-weight: 600;
  font-family: Avenir Next,Segoe UI,Helvetica,Roboto,sans-serif;
  text-align: center;
  cursor: pointer;
  display: -webkit-box;
  display: -webkit-flex;
  display: -ms-flexbox;
  display: flex;
  -webkit-box-pack: center;
  -webkit-justify-content: center;
  -ms-flex-pack: center;
  justify-content: center;
  -webkit-align-items: center;
  -webkit-box-align: center;
  -ms-flex-align: center;
  align-items: center;
  outline: none !important;
  margin: 0;
  -webkit-transition: 500ms ease background-color, 500ms ease border-color, 500ms ease color, 500ms ease fill;
  transition: 500ms ease background-color, 500ms ease border-color, 500ms ease color, 500ms ease fill;
  -webkit-font-smoothing: antialiased;
  -moz-osx-font-smoothing: grayscale;
  border: solid thin #0074A6;
  background-color: transparent;
  color: #0074A6;
  padding: 0 1.5rem;
  font-size: 1rem;
  height: 3rem;
  min-width: 12.5rem;
  background-color: #0074A6;
  border: solid thin #0074A6;
  color: #FFFFFF;
}

.c1 + .c0 {
  margin-left: 1rem;
}

.c1:hover,
.c1:focus,
.c1:active {
  background-color: #0074A6;
  border: solid thin #0074A6;
  color: #FFFFFF;
}

.c1:focus:after {
  position: absolute;
  content: '';
  top: calc(-1px - 2px);
  left: calc(-1px - 2px);
  right: calc(-1px - 2px);
  bottom: calc(-1px - 2px);
  border-radius: calc(4px + 2px);
  box-shadow: 0 0 0 2px rgba(9,152,214,0.4);
}

.c1:after {
  position: absolute;
  content: '';
  top: calc(-1px - 2px);
  left: calc(-1px - 2px);
  right: calc(-1px - 2px);
  bottom: calc(-1px - 2px);
  border-radius: calc(4px + 2px);
  box-shadow: 0 0 0 2px rgba(9,152,214,0.4);
}

<button
    className="anchor-button c0 c1"
    height={3}
    size="large"
  >
    Text
  </button>,
]
`;

exports[`Component: Button Variant: Primary should accept a color theme name 1`] = `
.c2 + .c0 {
  margin-left: 1rem;
}

.c3 + .c0 {
  margin-left: 1rem;
}

.c4 + .c0 {
  margin-left: 1rem;
}

.c5 + .c0 {
  margin-left: 1rem;
}

.c6 + .c0 {
  margin-left: 1rem;
}

.c7 + .c0 {
  margin-left: 1rem;
}

.c8 + .c0 {
  margin-left: 1rem;
}

.c1 {
  position: relative;
  border-radius: 4px;
  font-weight: 600;
  font-family: Avenir Next,Segoe UI,Helvetica,Roboto,sans-serif;
  text-align: center;
  cursor: pointer;
  display: -webkit-box;
  display: -webkit-flex;
  display: -ms-flexbox;
  display: flex;
  -webkit-box-pack: center;
  -webkit-justify-content: center;
  -ms-flex-pack: center;
  justify-content: center;
  -webkit-align-items: center;
  -webkit-box-align: center;
  -ms-flex-align: center;
  align-items: center;
  outline: none !important;
  margin: 0;
  -webkit-transition: 500ms ease background-color, 500ms ease border-color, 500ms ease color, 500ms ease fill;
  transition: 500ms ease background-color, 500ms ease border-color, 500ms ease color, 500ms ease fill;
  -webkit-font-smoothing: antialiased;
  -moz-osx-font-smoothing: grayscale;
  border: solid thin #14A382;
  background-color: #14A382;
  color: #FFFFFF;
  padding: 0 1.5rem;
  font-size: 1rem;
  height: 3rem;
  min-width: 12.5rem;
}

.c1 + .c0 {
  margin-left: 1rem;
}

.c1:hover,
.c1:focus,
.c1:active {
  background-color: #268068;
  border: solid thin #268068;
}

.c1:focus:after {
  position: absolute;
  content: '';
  top: calc(-1px - 2px);
  left: calc(-1px - 2px);
  right: calc(-1px - 2px);
  bottom: calc(-1px - 2px);
  border-radius: calc(4px + 2px);
  box-shadow: 0 0 0 2px rgba(20,163,130,0.4);
}

<button
  className="anchor-button c0 c1"
  height={3}
  size="large"
>
  Text
</button>
`;

exports[`Component: Button Variant: Primary should have a disabled state 1`] = `
.c2 + .c0 {
  margin-left: 1rem;
}

.c1 {
  position: relative;
  border-radius: 4px;
  font-weight: 600;
  font-family: Avenir Next,Segoe UI,Helvetica,Roboto,sans-serif;
  text-align: center;
  cursor: pointer;
  display: -webkit-box;
  display: -webkit-flex;
  display: -ms-flexbox;
  display: flex;
  -webkit-box-pack: center;
  -webkit-justify-content: center;
  -ms-flex-pack: center;
  justify-content: center;
  -webkit-align-items: center;
  -webkit-box-align: center;
  -ms-flex-align: center;
  align-items: center;
  outline: none !important;
  margin: 0;
  -webkit-transition: 500ms ease background-color, 500ms ease border-color, 500ms ease color, 500ms ease fill;
  transition: 500ms ease background-color, 500ms ease border-color, 500ms ease color, 500ms ease fill;
  -webkit-font-smoothing: antialiased;
  -moz-osx-font-smoothing: grayscale;
  border: solid thin #D3D3D3;
  background-color: #D3D3D3;
  color: #808080;
  cursor: not-allowed;
  padding: 0 1.5rem;
  font-size: 1rem;
  height: 3rem;
  min-width: 12.5rem;
}

.c1 + .c0 {
  margin-left: 1rem;
}

.c1:focus:after {
  position: absolute;
  content: '';
  top: calc(-1px - 2px);
  left: calc(-1px - 2px);
  right: calc(-1px - 2px);
  bottom: calc(-1px - 2px);
  border-radius: calc(4px + 2px);
  box-shadow: 0 0 0 2px rgba(9,152,214,0.4);
}

<button
  className="anchor-button c0 c1"
  disabled={true}
  height={3}
  size="large"
>
  Text
</button>
`;

exports[`Component: Button Variant: Primary should have a revealed state when flipped 1`] = `
.c2 + .c0 {
  margin-left: 1rem;
}

.c3 + .c0 {
  margin-left: 1rem;
}

.c4 + .c0 {
  margin-left: 1rem;
}

.c1 {
  position: relative;
  border-radius: 4px;
  font-weight: 600;
  font-family: Avenir Next,Segoe UI,Helvetica,Roboto,sans-serif;
  text-align: center;
  cursor: pointer;
  display: -webkit-box;
  display: -webkit-flex;
  display: -ms-flexbox;
  display: flex;
  -webkit-box-pack: center;
  -webkit-justify-content: center;
  -ms-flex-pack: center;
  justify-content: center;
  -webkit-align-items: center;
  -webkit-box-align: center;
  -ms-flex-align: center;
  align-items: center;
  outline: none !important;
  margin: 0;
  -webkit-transition: 500ms ease background-color, 500ms ease border-color, 500ms ease color, 500ms ease fill;
  transition: 500ms ease background-color, 500ms ease border-color, 500ms ease color, 500ms ease fill;
  -webkit-font-smoothing: antialiased;
  -moz-osx-font-smoothing: grayscale;
  border: solid thin #0998D6;
  background-color: #0998D6;
  color: #FFFFFF;
  padding: 0 1.5rem;
  font-size: 1rem;
  height: 3rem;
  min-width: 12.5rem;
  background-color: #F1F1F1;
  border: solid thin #F1F1F1;
  color: #595959;
  font-weight: bold;
}

.c1 + .c0 {
  margin-left: 1rem;
}

.c1:focus:after {
  position: absolute;
  content: '';
  top: calc(-1px - 2px);
  left: calc(-1px - 2px);
  right: calc(-1px - 2px);
  bottom: calc(-1px - 2px);
  border-radius: calc(4px + 2px);
  box-shadow: 0 0 0 2px rgba(9,152,214,0.4);
}

<button
  className="anchor-button c0 c1"
  height={3}
  size="large"
>
  Text
</button>
`;

exports[`Component: Button Variant: Primary should render a primary button 1`] = `
.c1 {
  position: relative;
  border-radius: 4px;
  font-weight: 600;
  font-family: Avenir Next,Segoe UI,Helvetica,Roboto,sans-serif;
  text-align: center;
  cursor: pointer;
  display: -webkit-box;
  display: -webkit-flex;
  display: -ms-flexbox;
  display: flex;
  -webkit-box-pack: center;
  -webkit-justify-content: center;
  -ms-flex-pack: center;
  justify-content: center;
  -webkit-align-items: center;
  -webkit-box-align: center;
  -ms-flex-align: center;
  align-items: center;
  outline: none !important;
  margin: 0;
  -webkit-transition: 500ms ease background-color, 500ms ease border-color, 500ms ease color, 500ms ease fill;
  transition: 500ms ease background-color, 500ms ease border-color, 500ms ease color, 500ms ease fill;
  -webkit-font-smoothing: antialiased;
  -moz-osx-font-smoothing: grayscale;
  border: solid thin #0998D6;
  background-color: #0998D6;
  color: #FFFFFF;
  padding: 0 1.5rem;
  font-size: 1rem;
  height: 3rem;
  min-width: 12.5rem;
}

.c1 + .c0 {
  margin-left: 1rem;
}

.c1:hover,
.c1:focus,
.c1:active {
  background-color: #0074A6;
  border: solid thin #0074A6;
}

.c1:focus:after {
  position: absolute;
  content: '';
  top: calc(-1px - 2px);
  left: calc(-1px - 2px);
  right: calc(-1px - 2px);
  bottom: calc(-1px - 2px);
  border-radius: calc(4px + 2px);
  box-shadow: 0 0 0 2px rgba(9,152,214,0.4);
}

<button
  className="anchor-button c0 c1"
  height={3}
  size="large"
>
  Text
</button>
`;

exports[`Component: Button Variant: Primary should render hovered, active and focused states 1`] = `
Array [
  .c2 + .c0 {
  margin-left: 1rem;
}

.c3 + .c0 {
  margin-left: 1rem;
}

.c4 + .c0 {
  margin-left: 1rem;
}

.c5 + .c0 {
  margin-left: 1rem;
}

.c1 {
  position: relative;
  border-radius: 4px;
  font-weight: 600;
  font-family: Avenir Next,Segoe UI,Helvetica,Roboto,sans-serif;
  text-align: center;
  cursor: pointer;
  display: -webkit-box;
  display: -webkit-flex;
  display: -ms-flexbox;
  display: flex;
  -webkit-box-pack: center;
  -webkit-justify-content: center;
  -ms-flex-pack: center;
  justify-content: center;
  -webkit-align-items: center;
  -webkit-box-align: center;
  -ms-flex-align: center;
  align-items: center;
  outline: none !important;
  margin: 0;
  -webkit-transition: 500ms ease background-color, 500ms ease border-color, 500ms ease color, 500ms ease fill;
  transition: 500ms ease background-color, 500ms ease border-color, 500ms ease color, 500ms ease fill;
  -webkit-font-smoothing: antialiased;
  -moz-osx-font-smoothing: grayscale;
  border: solid thin #0998D6;
  background-color: #0998D6;
  color: #FFFFFF;
  padding: 0 1.5rem;
  font-size: 1rem;
  height: 3rem;
  min-width: 12.5rem;
  background-color: #0074A6;
  border: solid thin #0074A6;
}

.c1 + .c0 {
  margin-left: 1rem;
}

.c1:hover,
.c1:focus,
.c1:active {
  background-color: #0074A6;
  border: solid thin #0074A6;
}

.c1:focus:after {
  position: absolute;
  content: '';
  top: calc(-1px - 2px);
  left: calc(-1px - 2px);
  right: calc(-1px - 2px);
  bottom: calc(-1px - 2px);
  border-radius: calc(4px + 2px);
  box-shadow: 0 0 0 2px rgba(9,152,214,0.4);
}

.c6 + .c0 {
  margin-left: 1rem;
}

<button
    className="anchor-button c0 c1"
    height={3}
    size="large"
  >
    Text
  </button>,
  .c2 + .c0 {
  margin-left: 1rem;
}

.c3 + .c0 {
  margin-left: 1rem;
}

.c4 + .c0 {
  margin-left: 1rem;
}

.c5 + .c0 {
  margin-left: 1rem;
}

.c1 {
  position: relative;
  border-radius: 4px;
  font-weight: 600;
  font-family: Avenir Next,Segoe UI,Helvetica,Roboto,sans-serif;
  text-align: center;
  cursor: pointer;
  display: -webkit-box;
  display: -webkit-flex;
  display: -ms-flexbox;
  display: flex;
  -webkit-box-pack: center;
  -webkit-justify-content: center;
  -ms-flex-pack: center;
  justify-content: center;
  -webkit-align-items: center;
  -webkit-box-align: center;
  -ms-flex-align: center;
  align-items: center;
  outline: none !important;
  margin: 0;
  -webkit-transition: 500ms ease background-color, 500ms ease border-color, 500ms ease color, 500ms ease fill;
  transition: 500ms ease background-color, 500ms ease border-color, 500ms ease color, 500ms ease fill;
  -webkit-font-smoothing: antialiased;
  -moz-osx-font-smoothing: grayscale;
  border: solid thin #0998D6;
  background-color: #0998D6;
  color: #FFFFFF;
  padding: 0 1.5rem;
  font-size: 1rem;
  height: 3rem;
  min-width: 12.5rem;
  background-color: #0074A6;
  border: solid thin #0074A6;
}

.c1 + .c0 {
  margin-left: 1rem;
}

.c1:hover,
.c1:focus,
.c1:active {
  background-color: #0074A6;
  border: solid thin #0074A6;
}

.c1:focus:after {
  position: absolute;
  content: '';
  top: calc(-1px - 2px);
  left: calc(-1px - 2px);
  right: calc(-1px - 2px);
  bottom: calc(-1px - 2px);
  border-radius: calc(4px + 2px);
  box-shadow: 0 0 0 2px rgba(9,152,214,0.4);
}

.c6 + .c0 {
  margin-left: 1rem;
}

<button
    className="anchor-button c0 c1"
    height={3}
    size="large"
  >
    Text
  </button>,
  .c2 + .c0 {
  margin-left: 1rem;
}

.c3 + .c0 {
  margin-left: 1rem;
}

.c4 + .c0 {
  margin-left: 1rem;
}

.c5 + .c0 {
  margin-left: 1rem;
}

.c6 + .c0 {
  margin-left: 1rem;
}

.c1 {
  position: relative;
  border-radius: 4px;
  font-weight: 600;
  font-family: Avenir Next,Segoe UI,Helvetica,Roboto,sans-serif;
  text-align: center;
  cursor: pointer;
  display: -webkit-box;
  display: -webkit-flex;
  display: -ms-flexbox;
  display: flex;
  -webkit-box-pack: center;
  -webkit-justify-content: center;
  -ms-flex-pack: center;
  justify-content: center;
  -webkit-align-items: center;
  -webkit-box-align: center;
  -ms-flex-align: center;
  align-items: center;
  outline: none !important;
  margin: 0;
  -webkit-transition: 500ms ease background-color, 500ms ease border-color, 500ms ease color, 500ms ease fill;
  transition: 500ms ease background-color, 500ms ease border-color, 500ms ease color, 500ms ease fill;
  -webkit-font-smoothing: antialiased;
  -moz-osx-font-smoothing: grayscale;
  border: solid thin #0998D6;
  background-color: #0998D6;
  color: #FFFFFF;
  padding: 0 1.5rem;
  font-size: 1rem;
  height: 3rem;
  min-width: 12.5rem;
  background-color: #0074A6;
  border: solid thin #0074A6;
}

.c1 + .c0 {
  margin-left: 1rem;
}

.c1:hover,
.c1:focus,
.c1:active {
  background-color: #0074A6;
  border: solid thin #0074A6;
}

.c1:focus:after {
  position: absolute;
  content: '';
  top: calc(-1px - 2px);
  left: calc(-1px - 2px);
  right: calc(-1px - 2px);
  bottom: calc(-1px - 2px);
  border-radius: calc(4px + 2px);
  box-shadow: 0 0 0 2px rgba(9,152,214,0.4);
}

.c1:after {
  position: absolute;
  content: '';
  top: calc(-1px - 2px);
  left: calc(-1px - 2px);
  right: calc(-1px - 2px);
  bottom: calc(-1px - 2px);
  border-radius: calc(4px + 2px);
  box-shadow: 0 0 0 2px rgba(9,152,214,0.4);
}

<button
    className="anchor-button c0 c1"
    height={3}
    size="large"
  >
    Text
  </button>,
]
`;

exports[`Component: Button Variant: Primary should render properly when flipped 1`] = `
.c2 {
  border-top-right-radius: 4px;
  border-bottom-left-radius: 4px;
  position: absolute;
  top: -1px;
  right: -1px;
  width: 1.25rem;
  height: 1.25rem;
  content: '';
  -webkit-transition: 500ms ease opacity;
  transition: 500ms ease opacity;
  background: linear-gradient( 45deg, #0998D6, #0998D6 50%, #F1F1F1 0 );
}

.c3 {
  border-top-right-radius: 4px;
  border-bottom-left-radius: 4px;
  position: absolute;
  top: -1px;
  right: -1px;
  width: 1.25rem;
  height: 1.25rem;
  content: '';
  -webkit-transition: 500ms ease opacity;
  transition: 500ms ease opacity;
  background: linear-gradient( 45deg, #66CCFF, #66CCFF 50%, #F1F1F1 0 );
}

.c4 + .c0 {
  margin-left: 1rem;
}

.c5 + .c0 {
  margin-left: 1rem;
}

.c1 {
  position: relative;
  border-radius: 4px;
  font-weight: 600;
  font-family: Avenir Next,Segoe UI,Helvetica,Roboto,sans-serif;
  text-align: center;
  cursor: pointer;
  display: -webkit-box;
  display: -webkit-flex;
  display: -ms-flexbox;
  display: flex;
  -webkit-box-pack: center;
  -webkit-justify-content: center;
  -ms-flex-pack: center;
  justify-content: center;
  -webkit-align-items: center;
  -webkit-box-align: center;
  -ms-flex-align: center;
  align-items: center;
  outline: none !important;
  margin: 0;
  -webkit-transition: 500ms ease background-color, 500ms ease border-color, 500ms ease color, 500ms ease fill;
  transition: 500ms ease background-color, 500ms ease border-color, 500ms ease color, 500ms ease fill;
  -webkit-font-smoothing: antialiased;
  -moz-osx-font-smoothing: grayscale;
  border: solid thin #0998D6;
  background-color: #0998D6;
  color: #FFFFFF;
  padding: 0 1.5rem;
  font-size: 1rem;
  height: 3rem;
  min-width: 12.5rem;
}

.c1 + .c0 {
  margin-left: 1rem;
}

.c1:hover,
.c1:focus,
.c1:active {
  background-color: #0074A6;
  border: solid thin #0074A6;
}

.c1:hover > .flip-base,
.c1:focus > .flip-base,
.c1:active > .flip-base {
  opacity: 0;
}

.c1:focus:after {
  position: absolute;
  content: '';
  top: calc(-1px - 2px);
  left: calc(-1px - 2px);
  right: calc(-1px - 2px);
  bottom: calc(-1px - 2px);
  border-radius: calc(4px + 2px);
  box-shadow: 0 0 0 2px rgba(9,152,214,0.4);
}

<button
  className="anchor-button c0 c1"
  height={3}
  size="large"
>
  Text
  <div
    className="c2"
  />
  <div
    className="flip-base c3"
  />
</button>
`;

exports[`Component: Button Variant: Primary should render with an icon 1`] = `
.c3 + .c0 {
  margin-left: 1rem;
}

.c4 + .c0 {
  margin-left: 1rem;
}

.c5 + .c0 {
  margin-left: 1rem;
}

.c6 + .c0 {
  margin-left: 1rem;
}

.c7 + .c0 {
  margin-left: 1rem;
}

.c8 + .c0 {
  margin-left: 1rem;
}

.c1 {
  position: relative;
  border-radius: 4px;
  font-weight: 600;
  font-family: Avenir Next,Segoe UI,Helvetica,Roboto,sans-serif;
  text-align: center;
  cursor: pointer;
  display: -webkit-box;
  display: -webkit-flex;
  display: -ms-flexbox;
  display: flex;
  -webkit-box-pack: center;
  -webkit-justify-content: center;
  -ms-flex-pack: center;
  justify-content: center;
  -webkit-align-items: center;
  -webkit-box-align: center;
  -ms-flex-align: center;
  align-items: center;
  outline: none !important;
  margin: 0;
  -webkit-transition: 500ms ease background-color, 500ms ease border-color, 500ms ease color, 500ms ease fill;
  transition: 500ms ease background-color, 500ms ease border-color, 500ms ease color, 500ms ease fill;
  -webkit-font-smoothing: antialiased;
  -moz-osx-font-smoothing: grayscale;
  border: solid thin #0998D6;
  background-color: #0998D6;
  color: #FFFFFF;
  padding: 0 1.5rem;
  font-size: 1rem;
  height: 3rem;
  min-width: 12.5rem;
}

.c1 + .c0 {
  margin-left: 1rem;
}

.c1 > .anchor-icon {
  margin-right: 0.5rem;
}

.c1:hover,
.c1:focus,
.c1:active {
  background-color: #0074A6;
  border: solid thin #0074A6;
}

.c1:focus:after {
  position: absolute;
  content: '';
  top: calc(-1px - 2px);
  left: calc(-1px - 2px);
  right: calc(-1px - 2px);
  bottom: calc(-1px - 2px);
  border-radius: calc(4px + 2px);
  box-shadow: 0 0 0 2px rgba(9,152,214,0.4);
}

.c2 {
  display: inline-block;
  height: 1rem;
  width: 1rem;
  line-height: 0;
}

<button
  className="anchor-button c0 c1"
  height={3}
  size="large"
>
  <span
    className="anchor-icon star c2"
    scale="md"
  >
    <svg
      height={16}
      viewBox="0 0 16 16"
      width={16}
      xmlns="http://www.w3.org/2000/svg"
    >
      <g
        fill="none"
        fillRule="evenodd"
      >
        <path
          d="M0 0h16v16H0z"
        />
        <path
          d="M4.398 15.508a1.15 1.15 0 0 1-1.646-1.196l.577-3.996L.673 7.33a1.15 1.15 0 0 1 .676-1.9l3.754-.603 1.865-3.789a1.15 1.15 0 0 1 2.064 0l1.865 3.789 3.754.603a1.15 1.15 0 0 1 .676 1.9l-2.653 2.982.623 3.987a1.15 1.15 0 0 1-1.638 1.212l-3.657-1.776-3.604 1.773z"
          fill="currentColor"
          fillRule="nonzero"
        />
      </g>
    </svg>
  </span>
  Text
</button>
`;

exports[`Component: Button should be defined 1`] = `
.c1 {
  position: relative;
  border-radius: 4px;
  font-weight: 600;
  font-family: Avenir Next,Segoe UI,Helvetica,Roboto,sans-serif;
  text-align: center;
  cursor: pointer;
  display: -webkit-box;
  display: -webkit-flex;
  display: -ms-flexbox;
  display: flex;
  -webkit-box-pack: center;
  -webkit-justify-content: center;
  -ms-flex-pack: center;
  justify-content: center;
  -webkit-align-items: center;
  -webkit-box-align: center;
  -ms-flex-align: center;
  align-items: center;
  outline: none !important;
  margin: 0;
  -webkit-transition: 500ms ease background-color, 500ms ease border-color, 500ms ease color, 500ms ease fill;
  transition: 500ms ease background-color, 500ms ease border-color, 500ms ease color, 500ms ease fill;
  -webkit-font-smoothing: antialiased;
  -moz-osx-font-smoothing: grayscale;
  border: solid thin #0998D6;
  background-color: #0998D6;
  color: #FFFFFF;
  padding: 0 1.5rem;
  font-size: 1rem;
  height: 3rem;
  min-width: 12.5rem;
}

.c1 + .c0 {
  margin-left: 1rem;
}

.c1:hover,
.c1:focus,
.c1:active {
  background-color: #0074A6;
  border: solid thin #0074A6;
}

.c1:focus:after {
  position: absolute;
  content: '';
  top: calc(-1px - 2px);
  left: calc(-1px - 2px);
  right: calc(-1px - 2px);
  bottom: calc(-1px - 2px);
  border-radius: calc(4px + 2px);
  box-shadow: 0 0 0 2px rgba(9,152,214,0.4);
}

<button
  className="anchor-button c0 c1"
  height={3}
  size="large"
>
  Submit
</button>
`;
