// Jest Snapshot v1, https://goo.gl/fbAQLP

exports[`Component: Item should be defined 1`] = `
.c0 {
  box-sizing: border-box;
  display: -webkit-box;
  display: -webkit-flex;
  display: -ms-flexbox;
  display: flex;
  border-radius: 4px;
  padding: 0.5rem 1rem;
  cursor: pointer;
  -webkit-transition: background 500ms;
  transition: background 500ms;
  background: white;
  -webkit-text-decoration: none;
  text-decoration: none;
  min-height: 2.75rem;
}

.c0:hover {
  background: #FAFAFA;
}

.c0.active {
  background: #F1F1F1;
}

.c1 {
  box-sizing: border-box;
  margin: 0;
  font-family: Avenir Next,Segoe UI,Helvetica Neue,Helvetica,Roboto,sans-serif;
  font-size: 16px;
  line-height: 1.5rem;
  font-weight: normal;
  text-align: inherit;
  color: inherit;
  color: #595959;
  display: -webkit-box;
  display: -webkit-flex;
  display: -ms-flexbox;
  display: flex;
  -webkit-align-content: space-between;
  -ms-flex-line-pack: space-between;
  align-content: space-between;
  -webkit-align-items: center;
  -webkit-box-align: center;
  -ms-flex-align: center;
  align-items: center;
  width: 100%;
  height: 100%;
}

.c1 small {
  font-size: 87.5%;
}

.c1 .item-prefix {
  display: -webkit-box;
  display: -webkit-flex;
  display: -ms-flexbox;
  display: flex;
  -webkit-align-items: center;
  -webkit-box-align: center;
  -ms-flex-align: center;
  align-items: center;
  -webkit-flex: 0 0 0;
  -ms-flex: 0 0 0;
  flex: 0 0 0;
}

.c1 .item-main {
  display: -webkit-box;
  display: -webkit-flex;
  display: -ms-flexbox;
  display: flex;
  -webkit-align-items: center;
  -webkit-box-align: center;
  -ms-flex-align: center;
  align-items: center;
  -webkit-flex: 4 1 auto;
  -ms-flex: 4 1 auto;
  flex: 4 1 auto;
}

.c1 .item-suffix {
  display: -webkit-box;
  display: -webkit-flex;
  display: -ms-flexbox;
  display: flex;
  -webkit-align-items: center;
  -webkit-box-align: center;
  -ms-flex-align: center;
  align-items: center;
  -webkit-flex: 0 0 0;
  -ms-flex: 0 0 0;
  flex: 0 0 0;
  text-align: right;
  -webkit-box-pack: end;
  -webkit-justify-content: flex-end;
  -ms-flex-pack: end;
  justify-content: flex-end;
}

.c1.lg {
  font-size: 1rem;
  font-weight: 400;
}

.c1.sm {
  font-size: 0.875rem;
  font-weight: 500;
}

<a
  className="c0 anchor-list-item"
  onMouseDown={[Function]}
  onMouseOut={[Function]}
  onMouseOver={[Function]}
>
  <span
    className="sc-LzLte c1 lg anchor-typography"
  >
    Item
  </span>
</a>
`;
