// Jest Snapshot v1, https://goo.gl/fbAQLP

exports[`Component: Item should be defined 1`] = `
<a
  className="anchor-list-item sc-bdVaJa kbqFBH"
  onMouseDown={[Function]}
  onMouseOut={[Function]}
  onMouseOver={[Function]}
>
  <p
    className="anchor-typography sc-htpNat iuPoSI"
    color="charcoal"
  >
    Item
  </p>
</a>
`;
