// Jest Snapshot v1, https://goo.gl/fbAQLP

exports[`Component: Modal.Header should render with title 1`] = `
.c0 {
  box-sizing: border-box;
  min-height: 4rem;
  padding: 1.25rem 4.75rem 1.25rem 2rem;
  width: 100%;
  border-radius: 8px 8px 0 0;
  margin-bottom: 1rem;
  display: -webkit-box;
  display: -webkit-flex;
  display: -ms-flexbox;
  display: flex;
  -webkit-order: -1;
  -ms-flex-order: -1;
  order: -1;
  color: #595959;
  background-color: #FFFFFF;
}

.c0 ~ .c2.c2 {
  padding-top: 0;
}

.c1 {
  box-sizing: border-box;
  font-family: Avenir Next,Segoe UI,Helvetica Neue,Helvetica,Roboto,sans-serif;
  font-size: 1.25rem;
  line-height: 1.5rem;
  font-weight: normal;
  text-align: inherit;
  color: inherit;
  font-weight: bold;
}

.c1 small {
  font-size: 87.5%;
}

<div
  className="c0 anchor-modal-header"
>
  <span
    className="c1 anchor-typography"
    scale={20}
  >
    Header Title
  </span>
</div>
`;
