// Jest Snapshot v1, https://goo.gl/fbAQLP

exports[`Component: DropDown should render in the DOM 1`] = `
.c2 {
  position: absolute;
  width: 0;
  height: 0;
  top: -0.4rem;
  left: 0.75rem;
  border-left: 0.5rem solid transparent;
  border-right: 0.5rem solid transparent;
  border-bottom: 0.5rem solid white;
}

.c0 {
  box-sizing: border-box;
  position: relative;
  cursor: pointer;
  display: -webkit-inline-box;
  display: -webkit-inline-flex;
  display: -ms-inline-flexbox;
  display: inline-flex;
  -webkit-box-pack: center;
  -webkit-justify-content: center;
  -ms-flex-pack: center;
  justify-content: center;
  -webkit-align-items: center;
  -webkit-box-align: center;
  -ms-flex-align: center;
  align-items: center;
  min-height: 1rem;
  min-width: 1rem;
  padding-bottom: 0.75rem;
  margin-bottom: -0.75rem;
}

.c1 {
  min-width: 10rem;
  position: absolute;
  padding: 0.25rem auto;
  z-index: 1;
  background-color: neutrals.white.base;
  box-shadow: 0 0 0.5rem 0 neutrals.ash.base;
  border-radius: base;
  border: thin solid neutrals.silver.dark;
  top: 0px;
  left: 0;
}

<div
  className="anchor-drop-down c0"
  onClick={[Function]}
>
  <div
    className="anchor-down-down-container c1"
    height={0}
    hidden={true}
    position="bottom"
    width={0}
  >
    <div
      className="c2"
    />
    <div>
      1
    </div>
  </div>
</div>
`;
