// Jest Snapshot v1, https://goo.gl/fbAQLP

exports[`Component: DropDown should render in the DOM 1`] = `
.c4 {
  position: absolute;
  box-sizing: border-box;
  width: 0.625rem;
  height: 0.625rem;
  border: thin solid #E7E7E7;
  background: white;
  box-shadow: 0 0 0.5rem 0 rgba(0,0,0,0.2);
  z-index: -1;
  -webkit-transform: rotate(45deg);
  -ms-transform: rotate(45deg);
  transform: rotate(45deg);
  top: calc(-0.625rem / 2);
  left: calc(50% - 0.625rem / 2);
}

.c1 {
  position: absolute;
  box-sizing: border-box;
  display: -webkit-box;
  display: -webkit-flex;
  display: -ms-flexbox;
  display: flex;
  z-index: 1;
  min-width: 10rem;
  opacity: 0;
  visibility: hidden;
  -webkit-transition: visibility 250ms ease-in-out,opacity 250ms ease-in-out;
  transition: visibility 250ms ease-in-out,opacity 250ms ease-in-out;
  font-family: Avenir Next,Segoe UI,Helvetica Neue,Helvetica,Roboto,sans-serif;
  border: thin solid #E7E7E7;
  padding: 0.5rem;
  border-radius: 4px;
  box-shadow: 0 0 0.5rem 0 rgba(0,0,0,0.2);
  left: 0;
  top: 0;
  -webkit-transform: translate3d(0px,0px,0);
  -ms-transform: translate3d(0px,0px,0);
  transform: translate3d(0px,0px,0);
  white-space: normal;
  width: auto;
}

.c1.active {
  opacity: 1;
  visibility: visible;
}

.c2 {
  position: absolute;
  box-sizing: border-box;
  border-radius: inherit;
  z-index: 0;
  top: 0;
  right: 0;
  bottom: 0;
  left: 0;
  background: white;
}

.c3 {
  position: relative;
  z-index: 1;
  width: 100%;
}

.c0 {
  box-sizing: border-box;
  font-family: Avenir Next,Segoe UI,Helvetica Neue,Helvetica,Roboto,sans-serif;
  position: relative;
  cursor: pointer;
  display: -webkit-inline-box;
  display: -webkit-inline-flex;
  display: -ms-inline-flexbox;
  display: inline-flex;
  -webkit-box-pack: center;
  -webkit-justify-content: center;
  -ms-flex-pack: center;
  justify-content: center;
  -webkit-align-items: center;
  -webkit-box-align: center;
  -ms-flex-align: center;
  align-items: center;
  min-height: 1rem;
  min-width: 1rem;
  padding-bottom: 0.75rem;
  margin-bottom: -0.75rem;
}

<div
  className="c0 anchor-drop-down"
  spacing="0.75rem"
>
  <div
    className="c1 anchor-drop-down-container"
    height={null}
    spacing={0}
    width={null}
  >
    <div
      className="c2 anchor-position-bg"
    />
    <div
      className="c3 anchor-position-overlay"
    >
      <div>
        1
      </div>
    </div>
    <div
      className="c4 anchor-position-arrow"
    />
  </div>
</div>
`;
