// Jest Snapshot v1, https://goo.gl/fbAQLP

exports[`Component: DropDown should render in the DOM 1`] = `
.c3 {
  position: absolute;
  box-sizing: border-box;
  width: 0.625rem;
  height: 0.625rem;
  border: light;
  background: white;
  box-shadow: 0 0 0.5rem 0 rgba(0,0,0,0.2);
  z-index: -1;
  -webkit-transform: rotate(45deg);
  -ms-transform: rotate(45deg);
  transform: rotate(45deg);
  top: calc(-0.625rem / 2);
  left: calc(50% - 0.625rem / 2);
}

.c0 {
  box-sizing: border-box;
  position: relative;
  cursor: pointer;
  display: -webkit-inline-box;
  display: -webkit-inline-flex;
  display: -ms-inline-flexbox;
  display: inline-flex;
  -webkit-box-pack: center;
  -webkit-justify-content: center;
  -ms-flex-pack: center;
  justify-content: center;
  -webkit-align-items: center;
  -webkit-box-align: center;
  -ms-flex-align: center;
  align-items: center;
  min-height: 1rem;
  min-width: 1rem;
  padding-bottom: 0.75rem;
  margin-bottom: -0.75rem;
}

.c1 {
  position: absolute;
  box-sizing: border-box;
  display: -webkit-box;
  display: -webkit-flex;
  display: -ms-flexbox;
  display: flex;
  z-index: 1;
  min-width: 10rem;
  border: light;
  border-radius: base;
  box-shadow: 0 0 0.5rem 0 rgba(0,0,0,0.2);
  visibility: hidden;
  left: 0;
  top: 0;
  -webkit-transform: translate3d(0px,0px,0);
  -ms-transform: translate3d(0px,0px,0);
  transform: translate3d(0px,0px,0);
}

.c2 {
  box-sizing: border-box;
  border-radius: inherit;
  width: 100%;
  z-index: 2;
  background: white;
}

<div
  className="anchor-drop-down c0"
  spacing="0.75rem"
>
  <div
    className="anchor-drop-down-container c1"
    height={null}
    width={null}
  >
    <div
      className="c2"
    >
      <div>
        1
      </div>
    </div>
    <div
      className="c3"
    />
  </div>
</div>
`;
