// Jest Snapshot v1, https://goo.gl/fbAQLP

exports[`Component: PositionContainer should be defined. 1`] = `
.c0 {
  position: absolute;
  box-sizing: border-box;
  display: -webkit-box;
  display: -webkit-flex;
  display: -ms-flexbox;
  display: flex;
  z-index: 1;
  min-width: 10rem;
  opacity: 0;
  visibility: hidden;
  -webkit-transition: visibility 250ms ease-in-out,opacity 250ms ease-in-out;
  transition: visibility 250ms ease-in-out,opacity 250ms ease-in-out;
  font-family: Avenir Next,Segoe UI,Helvetica Neue,Helvetica,Roboto,sans-serif;
  padding: 0.5rem;
  border-radius: 4px;
  left: 0;
  top: 0;
  -webkit-transform: translate3d(15px,50px,0);
  -ms-transform: translate3d(15px,50px,0);
  transform: translate3d(15px,50px,0);
  white-space: normal;
  width: auto;
}

.c0.active {
  opacity: 1;
  visibility: visible;
}

.c1 {
  position: absolute;
  box-sizing: border-box;
  border-radius: inherit;
  z-index: 0;
  top: 0;
  right: 0;
  bottom: 0;
  left: 0;
  background: black;
}

.c2 {
  position: relative;
  z-index: 1;
  width: 100%;
}

<div
  className="c0 anchor-position-container"
  height={50}
  spacing={0}
  width={100}
>
  <div
    className="c1 anchor-position-bg"
  />
  <div
    className="c2 anchor-position-overlay"
  />
</div>
`;
