// Jest Snapshot v1, https://goo.gl/fbAQLP

exports[`Component: DropDown Component: Arrow should render in the DOM 1`] = `
.c0 {
  position: absolute;
  box-sizing: border-box;
  width: 0.625rem;
  height: 0.625rem;
  z-index: -1;
  -webkit-transform: rotate(45deg);
  -ms-transform: rotate(45deg);
  transform: rotate(45deg);
  bottom: calc(-0.625rem / 2);
  right: calc(50% - 0.625rem / 2);
}

.c1 {
  position: absolute;
  box-sizing: border-box;
  width: 0.625rem;
  height: 0.625rem;
  z-index: -1;
  -webkit-transform: rotate(45deg);
  -ms-transform: rotate(45deg);
  transform: rotate(45deg);
  top: calc(-0.625rem / 2);
  left: calc(50% - 0.625rem / 2);
}

.c2 {
  position: absolute;
  box-sizing: border-box;
  width: 0.625rem;
  height: 0.625rem;
  z-index: -1;
  -webkit-transform: rotate(45deg);
  -ms-transform: rotate(45deg);
  transform: rotate(45deg);
  top: calc(50% - 0.625rem / 2);
  right: calc(-0.625rem / 2);
}

.c3 {
  position: absolute;
  box-sizing: border-box;
  width: 0.625rem;
  height: 0.625rem;
  z-index: -1;
  -webkit-transform: rotate(45deg);
  -ms-transform: rotate(45deg);
  transform: rotate(45deg);
  top: calc(50% - 0.625rem / 2);
  left: calc(-0.625rem / 2);
}

<div>
  <div
    className="c0"
  />
  <div
    className="c1"
  />
  <div
    className="c2"
  />
  <div
    className="c3"
  />
</div>
`;
