// Jest Snapshot v1, https://goo.gl/fbAQLP

exports[`Component: List should be defined 1`] = `
.c0 {
  box-sizing: border-box;
}

.c0 .anchor-list-title {
  margin-top: 0.75rem;
}

.c0 .anchor-list-item {
  margin-bottom: 0.25rem;
}

.c0 .anchor-list-item + .anchor-list-title {
  margin-top: 0.5rem;
}

<div
  className="c0 anchor-list"
/>
`;
