// Jest Snapshot v1, https://goo.gl/fbAQLP

exports[`Component: Page should be defined. 1`] = `
.c0 {
  display: -webkit-box;
  display: -webkit-flex;
  display: -ms-flexbox;
  display: flex;
  -webkit-flex-direction: column;
  -ms-flex-direction: column;
  flex-direction: column;
  height: 100vh;
  max-width: 100%;
  width: 100vw;
}

<main
  className="c0 anchor-page"
>
  <div>
    <div />
  </div>
</main>
`;
