// Jest Snapshot v1, https://goo.gl/fbAQLP

exports[`Component: Grid & Cell should be defined 1`] = `
.c0 {
  display: grid;
  height: auto;
  grid-auto-flow: row;
  grid-auto-rows: minmax(20px,auto);
  grid-template-columns: repeat(12,1fr);
  grid-gap: 0.5rem;
}

<div
  className="c0 anchor-grid"
/>
`;
