// Jest Snapshot v1, https://goo.gl/fbAQLP

exports[`Component: Card should match its snapshot. 1`] = `
.c1 {
  box-sizing: border-box;
  position: relative;
  display: block;
  padding: 1rem;
  font-family: Avenir Next,Segoe UI,Helvetica Neue,Helvetica,Roboto,sans-serif;
}

.c0 {
  position: relative;
  width: 100%;
  font-family: Avenir Next,Segoe UI,Helvetica Neue,Helvetica,Roboto,sans-serif;
  box-sizing: border-box;
  border-radius: 4px;
  border: solid thin #D3D3D3;
}

<div
  className="c0 anchor-card"
>
  <div
    className="c1 anchor-card-content"
  >
    <p>
      Test
    </p>
  </div>
</div>
`;
