// Jest Snapshot v1, https://goo.gl/fbAQLP

exports[`Component: Card should match its snapshot. 1`] = `
.c1 {
  box-sizing: border-box;
  position: relative;
  display: block;
  padding: 1rem;
}

.c0 {
  position: relative;
  width: 100%;
  box-sizing: border-box;
  border-radius: base;
  border: solid thin borders.base;
}

<div
  className="c0 anchor-card"
>
  <div
    className="c1 anchor-card-content"
  >
    <p>
      Test
    </p>
  </div>
</div>
`;
