// Jest Snapshot v1, https://goo.gl/fbAQLP

exports[`Component: Goto should be defined. 1`] = `
.c1 {
  display: block;
  position: relative;
  border: solid thin #D3D3D3;
  border-radius: 4px;
  cursor: text;
  box-sizing: border-box;
  min-width: 5rem;
  width: 100%;
  margin: 0;
  overflow: hidden;
  height: 3.125rem;
  padding: 0.25rem;
}

.c1::-webkit-input-placeholder {
  font-family: Avenir Next,Segoe UI,Helvetica Neue,Helvetica,Roboto,sans-serif;
  color: #808080;
}

.c1::-moz-placeholder {
  font-family: Avenir Next,Segoe UI,Helvetica Neue,Helvetica,Roboto,sans-serif;
  color: #808080;
}

.c1:-ms-input-placeholder {
  font-family: Avenir Next,Segoe UI,Helvetica Neue,Helvetica,Roboto,sans-serif;
  color: #808080;
}

.c1::placeholder {
  font-family: Avenir Next,Segoe UI,Helvetica Neue,Helvetica,Roboto,sans-serif;
  color: #808080;
}

.c1.focus {
  border-color: #808080;
}

.c1 label {
  -webkit-transform-origin: left bottom;
  -ms-transform-origin: left bottom;
  transform-origin: left bottom;
  height: 1.4rem;
  -webkit-transform: translate(0,0.6rem) scale(1);
  -ms-transform: translate(0,0.6rem) scale(1);
  transform: translate(0,0.6rem) scale(1);
}

.c1 label.lift {
  -webkit-transform: translate(0,0) scale(1);
  -ms-transform: translate(0,0) scale(1);
  transform: translate(0,0) scale(1);
}

.c1 input {
  height: 1rem;
  font-size: 0.875rem;
  line-height: 1rem;
}

.c3 {
  -webkit-flex: 1 1 auto;
  -ms-flex: 1 1 auto;
  flex: 1 1 auto;
  display: -webkit-box;
  display: -webkit-flex;
  display: -ms-flexbox;
  display: flex;
  -webkit-flex-flow: column-reverse;
  -ms-flex-flow: column-reverse;
  flex-flow: column-reverse;
  padding: 0 0.25rem;
  -webkit-box-pack: center;
  -webkit-justify-content: center;
  -ms-flex-pack: center;
  justify-content: center;
}

.c4 {
  box-sizing: border-box;
  border: none;
  padding: 0;
  outline: none !important;
  touch-action: manipulation;
  -webkit-appearance: none;
  background-color: transparent;
  z-index: 1;
  color: #323232;
  font-family: Avenir Next,Segoe UI,Helvetica Neue,Helvetica,Roboto,sans-serif;
}

.c4[type='number']::-webkit-inner-spin-button,
.c4[type='number']::-webkit-outer-spin-button {
  -webkit-appearance: none;
  margin: 0;
}

.c4:placeholder-shown + label {
  cursor: text;
  max-width: 100%;
  white-space: nowrap;
  overflow: hidden;
  text-overflow: ellipsis;
}

.c2 {
  display: -webkit-box;
  display: -webkit-flex;
  display: -ms-flexbox;
  display: flex;
  -webkit-align-items: center;
  -webkit-box-align: center;
  -ms-flex-align: center;
  align-items: center;
  height: 100%;
}

.c0 {
  width: 6rem;
  display: -webkit-box;
  display: -webkit-flex;
  display: -ms-flexbox;
  display: flex;
  -webkit-flex-direction: row;
  -ms-flex-direction: row;
  flex-direction: row;
  -webkit-align-items: center;
  -webkit-box-align: center;
  -ms-flex-align: center;
  align-items: center;
  padding: 0 0.5rem;
}

.c0 .anchor-input {
  margin-left: 0.5rem;
}

<div
  className="c0 anchor-pagination-goto"
>
  Goto
  <div
    className="c1 anchor-input"
    onClick={[Function]}
  >
    <div
      className="c2"
    >
      <div
        className="c3"
      >
        <input
          autoComplete="on"
          autoFocus={false}
          className="c4"
          name="input"
          onBlur={[Function]}
          onChange={[Function]}
          onFocus={[Function]}
          onKeyDown={[Function]}
          onKeyUp={[Function]}
          type="number"
          value=""
        />
      </div>
    </div>
  </div>
</div>
`;
