// Jest Snapshot v1, https://goo.gl/fbAQLP

exports[`Component: CardContent should be defined 1`] = `
.c0 {
  box-sizing: border-box;
  position: relative;
  display: block;
  padding: 1rem;
  font-family: Avenir Next,Segoe UI,Helvetica,Roboto,sans-serif;
}

<div
  className="anchor-card-content c0"
/>
`;
