// Jest Snapshot v1, https://goo.gl/fbAQLP

exports[`Component: AutoComplete should be defined 1`] = `
<div
  className="anchor-auto-complete sc-dnqmqq ijoWDl"
  color="#595959"
>
  <div
    className="anchor-input auto-complete-input sc-bwzfXH ewBCKc"
    onClick={[Function]}
    size="lg"
  >
    <div
      className="anchor-grid Grid__Grid-bojwg hIksjk"
    >
      <div
        className="anchor-cell sc-htpNat jOmony Cell__Cell-jsYrZv fDguhG"
      >
        <input
          className="sc-bxivhb fYuLjj"
          name="auto-complete"
          onBlur={[Function]}
          onChange={[Function]}
          onFocus={[Function]}
          onKeyDown={[Function]}
          onKeyUp={[Function]}
          type="text"
          value=""
        />
      </div>
    </div>
  </div>
</div>
`;
