// Jest Snapshot v1, https://goo.gl/fbAQLP

exports[`Component: ControlLabel should be defined 1`] = `
.c0 {
  position: relative;
  display: -webkit-box;
  display: -webkit-flex;
  display: -ms-flexbox;
  display: flex;
  color: inherit;
  -webkit-flex-direction: row;
  -ms-flex-direction: row;
  flex-direction: row;
  cursor: pointer;
  font-family: Avenir Next,Segoe UI,Helvetica,Roboto,sans-serif;
}

.c1 {
  box-sizing: border-box;
  font-family: Avenir Next,Segoe UI,Helvetica,Roboto,sans-serif;
  font-size: 16px;
  font-weight: normal;
  line-height: 1.5rem;
  font-size: 1rem;
  line-height: 1.5rem;
  text-align: inherit;
  text-transform: none;
  margin-left: 0.5rem;
  color: inherit;
}

.c1 small {
  font-size: 87.5%;
}

<label
  className="anchor-control-label c0"
  label="label"
  value="value"
>
  <div
    className=""
    value="value"
  />
  <span
    className="anchor-typography c1"
  >
    label
  </span>
</label>
`;
