// Jest Snapshot v1, https://goo.gl/fbAQLP

exports[`Component: ControlLabel should be defined 1`] = `
.c1 {
  position: relative;
  display: -webkit-inline-box;
  display: -webkit-inline-flex;
  display: -ms-inline-flexbox;
  display: inline-flex;
  margin-bottom: 1rem;
  -webkit-flex-direction: row;
  -ms-flex-direction: row;
  flex-direction: row;
  cursor: pointer;
}

.c0 {
  box-sizing: border-box;
  font-family: Avenir Next,Segoe UI,Helvetica Neue,Helvetica,Roboto,sans-serif;
  font-size: 16px;
  line-height: 1.5rem;
  font-weight: normal;
  text-align: inherit;
  color: inherit;
  line-height: 1.375rem;
  margin-bottom: 1rem;
}

.c0 small {
  font-size: 87.5%;
}

<label
  className="c0 anchor-typography c1 anchor-control-label"
  label="label"
  value="value"
>
  <div
    className=""
    marginRight="0.5rem"
    value="value"
  />
  label
</label>
`;
