// Jest Snapshot v1, https://goo.gl/fbAQLP

exports[`Component: Avatar should match its snapshot. 1`] = `
.c0 {
  border: solid 0.1875rem rgba(255,255,255,0.4);
  display: -webkit-box;
  display: -webkit-flex;
  display: -ms-flexbox;
  display: flex;
  -webkit-box-pack: center;
  -webkit-justify-content: center;
  -ms-flex-pack: center;
  justify-content: center;
  -webkit-align-items: center;
  -webkit-box-align: center;
  -ms-flex-align: center;
  align-items: center;
  height: 2rem;
  width: 2rem;
  border-radius: 1000px;
}

.c0 svg {
  justify-self: baseline;
  height: 1.5rem;
  margin-bottom: -0.375rem;
}

.c1 {
  -webkit-flex: 0 0 1.625rem;
  -ms-flex: 0 0 1.625rem;
  flex: 0 0 1.625rem;
  width: 1.625rem;
  height: 1.625rem;
  font-family: Avenir Next,Segoe UI,Helvetica Neue,Helvetica,Roboto,sans-serif;
  font-size: 0.75rem;
  font-weight: bold;
  color: #323232;
  background-color: #F1F1F1;
  display: -webkit-box;
  display: -webkit-flex;
  display: -ms-flexbox;
  display: flex;
  -webkit-box-pack: center;
  -webkit-justify-content: center;
  -ms-flex-pack: center;
  justify-content: center;
  -webkit-align-items: center;
  -webkit-box-align: center;
  -ms-flex-align: center;
  align-items: center;
  border-radius: 1000px;
  overflow: hidden;
}

<div
  className="anchor-avatar c0"
>
  <div
    className="avatar-container c1"
  >
    <svg
      height="36"
      viewBox="0 0 22 22"
      width="36"
      xmlns="http://www.w3.org/2000/svg"
    >
      <path
        d="M22 20.427c0 .869-.704 1.573-1.571 1.573H1.57A1.572 1.572 0 0 1 0 20.427V18.95c0-3.527 2.805-6.392 6.254-6.392h.038v-.001c1.315.993 2.934 1.604 4.708 1.604s3.393-.611 4.708-1.604v.001h.038c3.449 0 6.254 2.865 6.254 6.392v1.476zM11 0a6.29 6.29 0 0 1 6.286 6.294A6.29 6.29 0 0 1 11 12.59a6.29 6.29 0 0 1-6.286-6.295A6.29 6.29 0 0 1 11 0z"
        fill="#A6A6A6"
      />
    </svg>
  </div>
</div>
`;
