// Jest Snapshot v1, https://goo.gl/fbAQLP

exports[`theme: themeMerge() should not affect Button's functions() established in the theme 1`] = `
.c0 {
  position: relative;
  border-radius: 4px;
  font-weight: 600;
  font-family: Comic Sans MS;
  text-align: center;
  cursor: pointer;
  display: -webkit-inline-box;
  display: -webkit-inline-flex;
  display: -ms-inline-flexbox;
  display: inline-flex;
  -webkit-box-pack: center;
  -webkit-justify-content: center;
  -ms-flex-pack: center;
  justify-content: center;
  -webkit-align-items: center;
  -webkit-box-align: center;
  -ms-flex-align: center;
  align-items: center;
  outline: none !important;
  margin: 0;
  -webkit-transition: 500ms ease background-color, 500ms ease border-color, 500ms ease color, 500ms ease fill;
  transition: 500ms ease background-color, 500ms ease border-color, 500ms ease color, 500ms ease fill;
  -webkit-font-smoothing: antialiased;
  -moz-osx-font-smoothing: grayscale;
  border: solid thin #0998D6;
  background-color: #0998D6;
  color: white;
  padding: 0 1.5rem;
  font-size: 1rem;
  height: 3rem;
  min-width: 12.5rem;
}

.c0 + .anchor-button {
  margin-left: 1rem;
}

.c0:hover,
.c0:focus,
.c0:active {
  background-color: #0074A6;
  border: solid thin #0074A6;
}

.c0:focus:after {
  position: absolute;
  content: '';
  top: -3px;
  left: -3px;
  right: -3px;
  bottom: -3px;
  border-radius: calc(4px + 2px);
  box-shadow: 0 0 0 2px rgba(9,152,214,0.4);
}

<button
  className="c0 anchor-button"
  onFocus={[Function]}
  onMouseDown={[Function]}
  onMouseUp={[Function]}
>
  Hello
</button>
`;

exports[`theme: themeMerge() should not affect values set with the css() function 1`] = `
.c3 {
  display: -webkit-box;
  display: -webkit-flex;
  display: -ms-flexbox;
  display: flex;
  cursor: pointer;
  -webkit-user-select: none;
  -moz-user-select: none;
  -ms-user-select: none;
  user-select: none;
  position: relative;
  -webkit-transition: 250ms ease background,250ms ease color,125ms ease border-color;
  transition: 250ms ease background,250ms ease color,125ms ease border-color;
  border: solid transparent;
  padding: 0.625rem 0;
  border-width: 3px 0;
  font-weight: 600;
  color: primary.base;
  border-radius: base;
  border-bottom-color: primary.base;
  margin-right: 2rem;
  border-bottom-left-radius: 0;
  border-bottom-right-radius: 0;
}

.c3.disabled {
  color: text.disabled;
  cursor: not-allowed;
}

.c3:last-of-type {
  margin-right: 0;
}

.c4 {
  display: -webkit-box;
  display: -webkit-flex;
  display: -ms-flexbox;
  display: flex;
  cursor: pointer;
  -webkit-user-select: none;
  -moz-user-select: none;
  -ms-user-select: none;
  user-select: none;
  position: relative;
  -webkit-transition: 250ms ease background,250ms ease color,125ms ease border-color;
  transition: 250ms ease background,250ms ease color,125ms ease border-color;
  border: solid transparent;
  padding: 0.625rem 0;
  border-width: 3px 0;
  color: text.label;
  border-radius: base;
  margin-right: 2rem;
  border-bottom-left-radius: 0;
  border-bottom-right-radius: 0;
}

.c4.disabled {
  color: text.disabled;
  cursor: not-allowed;
}

.c4:last-of-type {
  margin-right: 0;
}

.c5 {
  -webkit-box-flex: 1;
  -webkit-flex-grow: 1;
  -ms-flex-positive: 1;
  flex-grow: 1;
  padding: 2rem;
  display: block;
  background: white;
}

.c6 {
  -webkit-box-flex: 1;
  -webkit-flex-grow: 1;
  -ms-flex-positive: 1;
  flex-grow: 1;
  padding: 2rem;
  display: none;
  background: white;
}

.c1 {
  border-bottom: light;
}

.c2 {
  display: -webkit-box;
  display: -webkit-flex;
  display: -ms-flexbox;
  display: flex;
  white-space: nowrap;
  -webkit-flex-direction: row;
  -ms-flex-direction: row;
  flex-direction: row;
  overflow-x: auto;
  padding: 0 1rem;
  background: white;
}

.c0 {
  display: -webkit-box;
  display: -webkit-flex;
  display: -ms-flexbox;
  display: flex;
  -webkit-flex-direction: column;
  -ms-flex-direction: column;
  flex-direction: column;
  border: light;
}

<div
  className="c0 anchor-tabs"
>
  <div
    className="c1"
  >
    <div
      className="c2 anchor-tabs-header"
    >
      <div
        className="c3 anchor-tabs-header-item active"
        onClick={[Function]}
      />
      <div
        className="c4 anchor-tabs-header-item"
        onClick={[Function]}
      />
    </div>
  </div>
  <div
    className="c5 anchor-tabs-pane anchor-tabs-panel active"
  >
    Test 1
  </div>
  <div
    className="c6 anchor-tabs-pane anchor-tabs-panel"
  >
    Test 2
  </div>
</div>
`;
