// Jest Snapshot v1, https://goo.gl/fbAQLP

exports[`Component: SidebarLayout should be defined. 1`] = `
.c0 {
  max-width: 100%;
  background-color: transparent;
  margin: 0 auto;
}

.c1 {
  max-width: 71.25rem;
  background-color: transparent;
  margin: 0 auto;
}

<section
  className="c0 anchor-sidebar-layout"
>
  <div
    className="c1"
  />
</section>
`;
